<html>
<body>
<pre>
<h1>µVision Build Log</h1>
<h2>Tool Versions:</h2>
IDE-Version: ¦ÌVision V5.43.1.0
Copyright (C) 2025 ARM Ltd and ARM Germany GmbH. All rights reserved.
License Information:  ,  , LIC=QF82M-XM8FY-II45V-PCEDG-V9YME-3TGHE
 
Tool Versions:
Toolchain:       MDK-ARM Plus  Version: 5.43.0.0
Toolchain Path:  C:\Keil_v5\ARM\ARMCC\Bin
C Compiler:      Armcc.exe V5.06 update 7 (build 960)
Assembler:       Armasm.exe V5.06 update 7 (build 960)
Linker/Locator:  ArmLink.exe V5.06 update 7 (build 960)
Library Manager: ArmAr.exe V5.06 update 7 (build 960)
Hex Converter:   FromElf.exe V5.06 update 7 (build 960)
CPU DLL:         SARMCM3.DLL V5.43.0.0
Dialog DLL:      DCM.DLL V1.17.5.0
Target DLL:      CMSIS_AGDI.dll V1.33.24.0
Dialog DLL:      TCM.DLL V1.56.6.0
 
<h2>Project:</h2>
C:\Users\Phil\Documents\Keil_code\LED_2\LED_2\tools\_ap6181_lab\wifi_lwip_client_socket\Project\RVMDK£¨uv5£©\Fire_H743V.uvprojx
Project File Date:  03/11/2026

<h2>Output:</h2>
*** Using Compiler 'V5.06 update 7 (build 960)', folder: 'C:\Keil_v5\ARM\ARMCC\Bin'
Build target 'Fire_H7'
compiling appliance.c...
compiling wifi_base_config.c...
compiling main.c...
..\..\User\main.c(36): warning:  #1295-D: Deprecated declaration BSP_Init - give arg types
  void BSP_Init();
..\..\User\main.c: 1 warning, 0 errors
linking...
Program Size: Code=79216 RO-data=214088 RW-data=688 ZI-data=154976  
FromELF: creating hex file...
"..\..\Output\Fire_H7.axf" - 0 Error(s), 1 Warning(s).

<h2>Software Packages used:</h2>

Package Vendor: Keil
                https://www.keil.com/pack/Keil.STM32H7xx_DFP.2.6.0.pack
                Keil::STM32H7xx_DFP@2.6.0
                STMicroelectronics STM32H7 Series Device Support and Examples

<h2>Collection of Component include folders:</h2>
  C:/Users/Phil/AppData/Local/Arm/Packs/Keil/STM32H7xx_DFP/2.6.0/Drivers/CMSIS/Device/ST/STM32H7xx/Include

<h2>Collection of Component Files used:</h2>
Build Time Elapsed:  00:00:02
</pre>
</body>
</html>
