Component: ARM Compiler 5.06 update 7 (build 960) Tool: armlink [4d3601]

==============================================================================

Section Cross References

    startup_stm32h743xx.o(RESET) refers to startup_stm32h743xx.o(STACK) for __initial_sp
    startup_stm32h743xx.o(RESET) refers to startup_stm32h743xx.o(.text) for Reset_Handler
    startup_stm32h743xx.o(RESET) refers to stm32h7xx_it.o(i.NMI_Handler) for NMI_Handler
    startup_stm32h743xx.o(RESET) refers to stm32h7xx_it.o(i.HardFault_Handler) for HardFault_Handler
    startup_stm32h743xx.o(RESET) refers to stm32h7xx_it.o(i.MemManage_Handler) for MemManage_Handler
    startup_stm32h743xx.o(RESET) refers to stm32h7xx_it.o(i.BusFault_Handler) for BusFault_Handler
    startup_stm32h743xx.o(RESET) refers to stm32h7xx_it.o(i.UsageFault_Handler) for UsageFault_Handler
    startup_stm32h743xx.o(RESET) refers to port.o(.emb_text) for SVC_Handler
    startup_stm32h743xx.o(RESET) refers to stm32h7xx_it.o(i.DebugMon_Handler) for DebugMon_Handler
    startup_stm32h743xx.o(RESET) refers to stm32h7xx_it.o(i.SysTick_Handler) for SysTick_Handler
    startup_stm32h743xx.o(RESET) refers to wwd_sdio.o(i.SDMMC1_IRQHandler) for SDMMC1_IRQHandler
    startup_stm32h743xx.o(.text) refers to system_stm32h7xx.o(i.SystemInit) for SystemInit
    startup_stm32h743xx.o(.text) refers to entry.o(.ARM.Collect$$$$00000000) for __main
    system_stm32h7xx.o(i.SystemCoreClockUpdate) refers to system_stm32h7xx.o(.data) for .data
    system_stm32h7xx.o(i.SystemCoreClockUpdate) refers to system_stm32h7xx.o(.constdata) for .constdata
    stm32h7xx_hal.o(i.HAL_DeInit) refers to stm32h7xx_hal.o(i.HAL_MspDeInit) for HAL_MspDeInit
    stm32h7xx_hal.o(i.HAL_Delay) refers to core_delay.o(i.HAL_GetTick) for HAL_GetTick
    stm32h7xx_hal.o(i.HAL_Delay) refers to stm32h7xx_hal.o(.data) for .data
    stm32h7xx_hal.o(i.HAL_GetTick) refers to stm32h7xx_hal.o(.data) for .data
    stm32h7xx_hal.o(i.HAL_GetTickFreq) refers to stm32h7xx_hal.o(.data) for .data
    stm32h7xx_hal.o(i.HAL_GetTickPrio) refers to stm32h7xx_hal.o(.data) for .data
    stm32h7xx_hal.o(i.HAL_IncTick) refers to stm32h7xx_hal.o(.data) for .data
    stm32h7xx_hal.o(i.HAL_Init) refers to stm32h7xx_hal_cortex.o(i.HAL_NVIC_SetPriorityGrouping) for HAL_NVIC_SetPriorityGrouping
    stm32h7xx_hal.o(i.HAL_Init) refers to stm32h7xx_hal_rcc.o(i.HAL_RCC_GetSysClockFreq) for HAL_RCC_GetSysClockFreq
    stm32h7xx_hal.o(i.HAL_Init) refers to core_delay.o(i.HAL_InitTick) for HAL_InitTick
    stm32h7xx_hal.o(i.HAL_Init) refers to stm32h7xx_hal_msp.o(i.HAL_MspInit) for HAL_MspInit
    stm32h7xx_hal.o(i.HAL_Init) refers to system_stm32h7xx.o(.constdata) for D1CorePrescTable
    stm32h7xx_hal.o(i.HAL_Init) refers to system_stm32h7xx.o(.data) for SystemCoreClock
    stm32h7xx_hal.o(i.HAL_InitTick) refers to stm32h7xx_hal_cortex.o(i.HAL_SYSTICK_Config) for HAL_SYSTICK_Config
    stm32h7xx_hal.o(i.HAL_InitTick) refers to stm32h7xx_hal_cortex.o(i.HAL_NVIC_SetPriority) for HAL_NVIC_SetPriority
    stm32h7xx_hal.o(i.HAL_InitTick) refers to stm32h7xx_hal.o(.data) for .data
    stm32h7xx_hal.o(i.HAL_InitTick) refers to system_stm32h7xx.o(.data) for SystemCoreClock
    stm32h7xx_hal.o(i.HAL_SYSCFG_EnableVREFBUF) refers to core_delay.o(i.HAL_GetTick) for HAL_GetTick
    stm32h7xx_hal.o(i.HAL_SetTickFreq) refers to core_delay.o(i.HAL_InitTick) for HAL_InitTick
    stm32h7xx_hal.o(i.HAL_SetTickFreq) refers to stm32h7xx_hal.o(.data) for .data
    stm32h7xx_hal_cortex.o(i.HAL_NVIC_SetPriority) refers to stm32h7xx_hal_cortex.o(i.__NVIC_SetPriority) for __NVIC_SetPriority
    stm32h7xx_hal_cortex.o(i.HAL_SYSTICK_Config) refers to stm32h7xx_hal_cortex.o(i.__NVIC_SetPriority) for __NVIC_SetPriority
    stm32h7xx_hal_cortex.o(i.HAL_SYSTICK_IRQHandler) refers to stm32h7xx_hal_cortex.o(i.HAL_SYSTICK_Callback) for HAL_SYSTICK_Callback
    stm32h7xx_hal_dma.o(i.DMA_CalcBaseAndBitshift) refers to stm32h7xx_hal_dma.o(.constdata) for .constdata
    stm32h7xx_hal_dma.o(i.HAL_DMA_Abort) refers to core_delay.o(i.HAL_GetTick) for HAL_GetTick
    stm32h7xx_hal_dma.o(i.HAL_DMA_DeInit) refers to stm32h7xx_hal_dma.o(i.DMA_CalcBaseAndBitshift) for DMA_CalcBaseAndBitshift
    stm32h7xx_hal_dma.o(i.HAL_DMA_DeInit) refers to stm32h7xx_hal_dma.o(i.DMA_CalcDMAMUXChannelBaseAndMask) for DMA_CalcDMAMUXChannelBaseAndMask
    stm32h7xx_hal_dma.o(i.HAL_DMA_DeInit) refers to stm32h7xx_hal_dma.o(i.DMA_CalcDMAMUXRequestGenBaseAndMask) for DMA_CalcDMAMUXRequestGenBaseAndMask
    stm32h7xx_hal_dma.o(i.HAL_DMA_IRQHandler) refers to system_stm32h7xx.o(.data) for SystemCoreClock
    stm32h7xx_hal_dma.o(i.HAL_DMA_Init) refers to core_delay.o(i.HAL_GetTick) for HAL_GetTick
    stm32h7xx_hal_dma.o(i.HAL_DMA_Init) refers to stm32h7xx_hal_dma.o(i.DMA_CheckFifoParam) for DMA_CheckFifoParam
    stm32h7xx_hal_dma.o(i.HAL_DMA_Init) refers to stm32h7xx_hal_dma.o(i.DMA_CalcBaseAndBitshift) for DMA_CalcBaseAndBitshift
[...]
    0x08002054   0x08002054   0x00000024   Code   RO         3531    i.HAL_RCC_GetPCLK2Freq  stm32h7xx_hal_rcc.o
    0x08002078   0x08002078   0x000001b4   Code   RO         3532    i.HAL_RCC_GetSysClockFreq  stm32h7xx_hal_rcc.o
    0x0800222c   0x0800222c   0x00000594   Code   RO         3535    i.HAL_RCC_OscConfig  stm32h7xx_hal_rcc.o
    0x080027c0   0x080027c0   0x00000028   Code   RO          607    i.HAL_SYSTICK_Config  stm32h7xx_hal_cortex.o
    0x080027e8   0x080027e8   0x00000070   Code   RO         5433    i.HAL_UART_Init     stm32h7xx_hal_uart.o
    0x08002858   0x08002858   0x00000002   Code   RO         5435    i.HAL_UART_MspInit  stm32h7xx_hal_uart.o
    0x0800285a   0x0800285a   0x000000c8   Code   RO         5442    i.HAL_UART_Transmit  stm32h7xx_hal_uart.o
    0x08002922   0x08002922   0x00000002   Code   RO         6838    i.HardFault_Handler  stm32h7xx_it.o
    0x08002924   0x08002924   0x00000080   Code   RO        15866    i.MPU_Config        platform_init.o
    0x080029a4   0x080029a4   0x00000002   Code   RO         6839    i.MemManage_Handler  stm32h7xx_it.o
    0x080029a6   0x080029a6   0x00000002   Code   RO         6840    i.NMI_Handler       stm32h7xx_it.o
    0x080029a8   0x080029a8   0x00000124   Code   RO         3647    i.RCCEx_PLL2_Config  stm32h7xx_hal_rcc_ex.o
    0x08002acc   0x08002acc   0x00000124   Code   RO         3648    i.RCCEx_PLL3_Config  stm32h7xx_hal_rcc_ex.o
    0x08002bf0   0x08002bf0   0x00000088   Code   RO        15719    i.SDMMC1_IRQHandler  wwd_sdio.o
    0x08002c78   0x08002c78   0x00000028   Code   RO         6222    i.SDMMC_Init        stm32h7xx_ll_sdmmc.o
    0x08002ca0   0x08002ca0   0x0000000c   Code   RO         6224    i.SDMMC_PowerState_OFF  stm32h7xx_ll_sdmmc.o
    0x08002cac   0x08002cac   0x0000000c   Code   RO         6225    i.SDMMC_PowerState_ON  stm32h7xx_ll_sdmmc.o
    0x08002cb8   0x08002cb8   0x0000000e   Code   RO         6228    i.SDMMC_SetSDMMCReadWaitMode  stm32h7xx_ll_sdmmc.o
    0x08002cc6   0x08002cc6   0x00000002   PAD
    0x08002cc8   0x08002cc8   0x000000d8   Code   RO        15867    i.SD_LowLevel_Init  platform_init.o
    0x08002da0   0x08002da0   0x00000014   Code   RO         6841    i.SysTick_Handler   stm32h7xx_it.o
    0x08002db4   0x08002db4   0x000000a4   Code   RO         6508    i.SystemClock_Config  main.o
    0x08002e58   0x08002e58   0x00000098   Code   RO           14    i.SystemInit        system_stm32h7xx.o
    0x08002ef0   0x08002ef0   0x000000c8   Code   RO         5447    i.UART_AdvFeatureConfig  stm32h7xx_hal_uart.o
    0x08002fb8   0x08002fb8   0x0000005e   Code   RO         5448    i.UART_CheckIdleState  stm32h7xx_hal_uart.o
    0x08003016   0x08003016   0x00000002   PAD
    0x08003018   0x08003018   0x00001540   Code   RO         5466    i.UART_SetConfig    stm32h7xx_hal_uart.o
    0x08004558   0x08004558   0x000000a8   Code   RO         5471    i.UART_WaitOnFlagUntilTimeout  stm32h7xx_hal_uart.o
    0x08004600   0x08004600   0x00000002   Code   RO         6842    i.UsageFault_Handler  stm32h7xx_it.o
    0x08004602   0x08004602   0x00000002   PAD
    0x08004604   0x08004604   0x00000024   Code   RO         6986    i.Usart_SendString  bsp_debug_usart.o
    0x08004628   0x08004628   0x00000020   Code   RO        16582    i.__0printf         mc_w.l(printfa.o)
    0x08004648   0x08004648   0x00000020   Code   RO          609    i.__NVIC_SetPriority  stm32h7xx_hal_cortex.o
    0x08004668   0x08004668   0x00000020   Code   RO        16139    i.__NVIC_SetPriority  platform.o
    0x08004688   0x08004688   0x00000020   Code   RO        16206    i.__NVIC_SetPriority  low_level_init.o
    0x080046a8   0x080046a8   0x0000000e   Code   RO        16730    i.__scatterload_copy  mc_w.l(handlers.o)
    0x080046b6   0x080046b6   0x00000002   Code   RO        16731    i.__scatterload_null  mc_w.l(handlers.o)
    0x080046b8   0x080046b8   0x0000000e   Code   RO        16732    i.__scatterload_zeroinit  mc_w.l(handlers.o)
    0x080046c6   0x080046c6   0x00000002   PAD
    0x080046c8   0x080046c8   0x00000184   Code   RO        16589    i._fp_digits        mc_w.l(printfa.o)
    0x0800484c   0x0800484c   0x000006b4   Code   RO        16590    i._printf_core      mc_w.l(printfa.o)
    0x08004f00   0x08004f00   0x00000024   Code   RO        16591    i._printf_post_padding  mc_w.l(printfa.o)
    0x08004f24   0x08004f24   0x0000002e   Code   RO        16592    i._printf_pre_padding  mc_w.l(printfa.o)
    0x08004f52   0x08004f52   0x00000002   PAD
    0x08004f54   0x08004f54   0x00000074   Code   RO         8983    i.alloc_socket      sockets.o
    0x08004fc8   0x08004fc8   0x00000070   Code   RO         7058    i.app_main          appliance.o
    0x08005038   0x08005038   0x0000021c   Code   RO         7139    i.client            client.o
    0x08005254   0x08005254   0x00000020   Code   RO         7140    i.client_init       client.o
    0x08005274   0x08005274   0x00000030   Code   RO        15590    i.crc32_calc        wiced_crypto.o
    0x080052a4   0x080052a4   0x0000001c   Code   RO        10852    i.cyclic_timer      timeouts.o
    0x080052c0   0x080052c0   0x000000de   Code   RO        11091    i.dhcp_bind         dhcp.o
    0x0800539e   0x0800539e   0x00000002   PAD
    0x080053a0   0x080053a0   0x00000064   Code   RO        11093    i.dhcp_coarse_tmr   dhcp.o
    0x08005404   0x08005404   0x00000134   Code   RO        11094    i.dhcp_create_msg   dhcp.o
    0x08005538   0x08005538   0x00000020   Code   RO        11095    i.dhcp_dec_pcb_refcount  dhcp.o
    0x08005558   0x08005558   0x00000018   Code   RO        11096    i.dhcp_delete_msg   dhcp.o
    0x08005570   0x08005570   0x000000d0   Code   RO        11097    i.dhcp_discover     dhcp.o
    0x08005640   0x08005640   0x00000034   Code   RO        11098    i.dhcp_fine_tmr     dhcp.o
    0x08005674   0x08005674   0x00000094   Code   RO        11099    i.dhcp_handle_ack   dhcp.o
    0x08005708   0x08005708   0x00000028   Code   RO        11100    i.dhcp_handle_nak   dhcp.o
    0x08005730   0x08005730   0x00000030   Code   RO        11101    i.dhcp_handle_offer  dhcp.o
    0x08005760   0x08005760   0x00000054   Code   RO        11102    i.dhcp_inc_pcb_refcount  dhcp.o
    0x080057b4   0x080057b4   0x0000001c   Code   RO        11105    i.dhcp_option       dhcp.o
    0x080057d0   0x080057d0   0x0000000e   Code   RO        11106    i.dhcp_option_byte  dhcp.o
    0x080057de   0x080057de   0x00000040   Code   RO        11107    i.dhcp_option_hostname  dhcp.o
    0x0800581e   0x0800581e   0x0000003a   Code   RO        11108    i.dhcp_option_long  dhcp.o
    0x08005858   0x08005858   0x0000001e   Code   RO        11109    i.dhcp_option_short  dhcp.o
    0x08005876   0x08005876   0x00000030   Code   RO        11110    i.dhcp_option_trailer  dhcp.o
    0x080058a6   0x080058a6   0x00000002   PAD
    0x080058a8   0x080058a8   0x0000029c   Code   RO        11111    i.dhcp_parse_reply  dhcp.o
    0x08005b44   0x08005b44   0x000000c0   Code   RO        11112    i.dhcp_rebind       dhcp.o
    0x08005c04   0x08005c04   0x000000d0   Code   RO        11113    i.dhcp_reboot       dhcp.o
    0x08005cd4   0x08005cd4   0x000000f0   Code   RO        11114    i.dhcp_recv         dhcp.o
    0x08005dc4   0x08005dc4   0x000000ac   Code   RO        11115    i.dhcp_release      dhcp.o
    0x08005e70   0x08005e70   0x000000bc   Code   RO        11116    i.dhcp_renew        dhcp.o
    0x08005f2c   0x08005f2c   0x00000104   Code   RO        11117    i.dhcp_select       dhcp.o
    0x08006030   0x08006030   0x00000010   Code   RO        11118    i.dhcp_set_state    dhcp.o
    0x08006040   0x08006040   0x00000012   Code   RO        11119    i.dhcp_set_struct   dhcp.o
    0x08006052   0x08006052   0x00000072   Code   RO        11120    i.dhcp_start        dhcp.o
    0x080060c4   0x080060c4   0x00000024   Code   RO        11121    i.dhcp_stop         dhcp.o
    0x080060e8   0x080060e8   0x00000022   Code   RO        11122    i.dhcp_supplied_address  dhcp.o
    0x0800610a   0x0800610a   0x0000002a   Code   RO        11123    i.dhcp_t1_timeout   dhcp.o
    0x08006134   0x08006134   0x0000002e   Code   RO        11124    i.dhcp_t2_timeout   dhcp.o
    0x08006162   0x08006162   0x0000005e   Code   RO        11125    i.dhcp_timeout      dhcp.o
    0x080061c0   0x080061c0   0x00000094   Code   RO         9425    i.dns_call_found    dns.o
    0x08006254   0x08006254   0x00000014   Code   RO         9426    i.dns_check_entries  dns.o
    0x08006268   0x08006268   0x000000a0   Code   RO         9427    i.dns_check_entry   dns.o
    0x08006308   0x08006308   0x0000002c   Code   RO         9430    i.dns_create_txid   dns.o
    0x08006334   0x08006334   0x00000002   Code   RO         9436    i.dns_init          dns.o
    0x08006336   0x08006336   0x00000002   PAD
    0x08006338   0x08006338   0x00000110   Code   RO         9439    i.dns_send          dns.o
    0x08006448   0x08006448   0x00000024   Code   RO         9440    i.dns_setserver     dns.o
    0x0800646c   0x0800646c   0x00000004   Code   RO         9442    i.dns_tmr           dns.o
    0x08006470   0x08006470   0x0000001c   Code   RO         9767    i.do_memp_free_pool  memp.o
    0x0800648c   0x0800648c   0x00000022   Code   RO         9768    i.do_memp_malloc_pool  memp.o
    0x080064ae   0x080064ae   0x00000002   PAD
    0x080064b0   0x080064b0   0x000000ec   Code   RO        12108    i.download_resource  wwd_bus_common.o
    0x0800659c   0x0800659c   0x00000018   Code   RO        14630    i.ds_state_set      wwd_wifi_sleep.o
    0x080065b4   0x080065b4   0x000000b8   Code   RO         7661    i.eTaskGetState     tasks.o
    0x0800666c   0x0800666c   0x000000dc   Code   RO         8510    i.err_tcp           api_msg.o
    0x08006748   0x08006748   0x0000001c   Code   RO         8739    i.err_to_errno      err.o
    0x08006764   0x08006764   0x000000f8   Code   RO        11298    i.etharp_find_entry  etharp.o
    0x0800685c   0x0800685c   0x00000028   Code   RO        11299    i.etharp_free_entry  etharp.o
    0x08006884   0x08006884   0x00000096   Code   RO        11301    i.etharp_input      etharp.o
    0x0800691a   0x0800691a   0x00000002   PAD
    0x0800691c   0x0800691c   0x000000f4   Code   RO        11302    i.etharp_output     etharp.o
    0x08006a10   0x08006a10   0x0000006c   Code   RO        11303    i.etharp_output_to_arp_index  etharp.o
    0x08006a7c   0x08006a7c   0x00000164   Code   RO        11304    i.etharp_query      etharp.o
    0x08006be0   0x08006be0   0x0000008a   Code   RO        11305    i.etharp_raw        etharp.o
    0x08006c6a   0x08006c6a   0x00000002   PAD
    0x08006c6c   0x08006c6c   0x0000000c   Code   RO        11306    i.etharp_request    etharp.o
    0x08006c78   0x08006c78   0x00000020   Code   RO        11307    i.etharp_request_dst  etharp.o
    0x08006c98   0x08006c98   0x00000060   Code   RO        11308    i.etharp_tmr        etharp.o
    0x08006cf8   0x08006cf8   0x0000009c   Code   RO        11309    i.etharp_update_arp_entry  etharp.o
    0x08006d94   0x08006d94   0x000000a4   Code   RO        11801    i.ethernet_input    ethernet.o
    0x08006e38   0x08006e38   0x0000004c   Code   RO        11802    i.ethernet_output   ethernet.o
    0x08006e84   0x08006e84   0x00000034   Code   RO        15406    i.ethernetif_init   wwd_network.o
    0x08006eb8   0x08006eb8   0x00000148   Code   RO         8984    i.event_callback    sockets.o
    0x08007000   0x08007000   0x00000048   Code   RO        15720    i.find_optimal_block_size  wwd_sdio.o
    0x08007048   0x08007048   0x00000018   Code   RO         6991    i.fputc             bsp_debug_usart.o
    0x08007060   0x08007060   0x00000050   Code   RO        16610    i.free              mc_w.l(malloc.o)
    0x080070b0   0x080070b0   0x0000001e   Code   RO        11310    i.free_etharp_q     etharp.o
    0x080070ce   0x080070ce   0x0000003a   Code   RO         8985    i.free_socket       sockets.o
    0x08007108   0x08007108   0x0000002c   Code   RO         8986    i.get_socket        sockets.o
    0x08007134   0x08007134   0x0000001c   Code   RO        15975    i.hal_rcc_gpioa_clock_enable  platform_gpio.o
    0x08007150   0x08007150   0x0000001c   Code   RO        15977    i.hal_rcc_gpiob_clock_enable  platform_gpio.o
    0x0800716c   0x0800716c   0x0000001c   Code   RO        15979    i.hal_rcc_gpioc_clock_enable  platform_gpio.o
    0x08007188   0x08007188   0x0000001c   Code   RO        15981    i.hal_rcc_gpiod_clock_enable  platform_gpio.o
    0x080071a4   0x080071a4   0x0000001c   Code   RO        15983    i.hal_rcc_gpioe_clock_enable  platform_gpio.o
    0x080071c0   0x080071c0   0x0000001c   Code   RO        15985    i.hal_rcc_gpiof_clock_enable  platform_gpio.o
    0x080071dc   0x080071dc   0x0000001c   Code   RO        15987    i.hal_rcc_gpiog_clock_enable  platform_gpio.o
    0x080071f8   0x080071f8   0x0000001c   Code   RO        15989    i.hal_rcc_gpioh_clock_enable  platform_gpio.o
    0x08007214   0x08007214   0x0000001c   Code   RO        15991    i.hal_rcc_gpioi_clock_enable  platform_gpio.o
    0x08007230   0x08007230   0x0000001c   Code   RO        15993    i.hal_rcc_gpioj_clock_enable  platform_gpio.o
    0x0800724c   0x0800724c   0x0000001c   Code   RO        15995    i.hal_rcc_gpiok_clock_enable  platform_gpio.o
    0x08007268   0x08007268   0x00000018   Code   RO        15072    i.host_buffer_add_remove_at_front  wwd_buffer.o
    0x08007280   0x08007280   0x00000010   Code   RO        15074    i.host_buffer_get   wwd_buffer.o
    0x08007290   0x08007290   0x00000004   Code   RO        15075    i.host_buffer_get_current_piece_data_pointer  wwd_buffer.o
    0x08007294   0x08007294   0x00000004   Code   RO        15076    i.host_buffer_get_current_piece_size  wwd_buffer.o
    0x08007298   0x08007298   0x00000004   Code   RO        15081    i.host_buffer_release  wwd_buffer.o
    0x0800729c   0x0800729c   0x00000014   Code   RO        15082    i.host_buffer_set_size  wwd_buffer.o
    0x080072b0   0x080072b0   0x00000020   Code   RO        15721    i.host_enable_oob_interrupt  wwd_sdio.o
    0x080072d0   0x080072d0   0x000000b4   Code   RO        15407    i.host_network_process_ethernet_data  wwd_network.o
    0x08007384   0x08007384   0x000000a4   Code   RO        15726    i.host_platform_bus_init  wwd_sdio.o
    0x08007428   0x08007428   0x00000004   Code   RO        14968    i.host_platform_deinit_wlan_powersave_clock  wwd_platform_separate_mcu.o
    0x0800742c   0x0800742c   0x00000024   Code   RO        15727    i.host_platform_enable_high_speed_sdio  wwd_sdio.o
    0x08007450   0x08007450   0x0000000c   Code   RO        15041    i.host_platform_get_cycle_count  host_cm7.o
    0x0800745c   0x0800745c   0x00000004   Code   RO        15728    i.host_platform_get_oob_interrupt_pin  wwd_sdio.o
    0x08007460   0x08007460   0x0000000a   Code   RO        14970    i.host_platform_init  wwd_platform_separate_mcu.o
    0x0800746a   0x0800746a   0x00000004   Code   RO        15674    i.host_platform_init_wlan_powersave_clock  wwd_platform.o
    0x0800746e   0x0800746e   0x00000002   PAD
    0x08007470   0x08007470   0x0000003c   Code   RO        14915    i.host_platform_resource_read_indirect  wwd_resources.o
    0x080074ac   0x080074ac   0x0000001c   Code   RO        14916    i.host_platform_resource_size  wwd_resources.o
    0x080074c8   0x080074c8   0x0000008a   Code   RO        15729    i.host_platform_sdio_enumerate  wwd_sdio.o
    0x08007552   0x08007552   0x00000002   PAD
    0x08007554   0x08007554   0x00000124   Code   RO        15730    i.host_platform_sdio_transfer  wwd_sdio.o
    0x08007678   0x08007678   0x00000014   Code   RO        15731    i.host_platform_unmask_sdio_interrupt  wwd_sdio.o
    0x0800768c   0x0800768c   0x00000014   Code   RO        14719    i.host_rtos_create_thread  wwd_rtos.o
    0x080076a0   0x080076a0   0x00000040   Code   RO        14720    i.host_rtos_create_thread_with_arg  wwd_rtos.o
    0x080076e0   0x080076e0   0x00000016   Code   RO        14723    i.host_rtos_deinit_semaphore  wwd_rtos.o
    0x080076f6   0x080076f6   0x0000000e   Code   RO        14724    i.host_rtos_delay_milliseconds  wwd_rtos.o
    0x08007704   0x08007704   0x0000000c   Code   RO        14726    i.host_rtos_finish_thread  wwd_rtos.o
    0x08007710   0x08007710   0x0000001a   Code   RO        14727    i.host_rtos_get_semaphore  wwd_rtos.o
    0x0800772a   0x0800772a   0x00000004   Code   RO        14728    i.host_rtos_get_time  wwd_rtos.o
    0x0800772e   0x0800772e   0x0000001c   Code   RO        14731    i.host_rtos_init_semaphore  wwd_rtos.o
    0x0800774a   0x0800774a   0x00000002   PAD
    0x0800774c   0x0800774c   0x00000044   Code   RO        14736    i.host_rtos_set_semaphore  wwd_rtos.o
    0x08007790   0x08007790   0x00000008   Code   RO        11392    i.icmp_dest_unreach  icmp.o
    0x08007798   0x08007798   0x0000015c   Code   RO        11393    i.icmp_input        icmp.o
    0x080078f4   0x080078f4   0x00000078   Code   RO        11394    i.icmp_send_response  icmp.o
    0x0800796c   0x0800796c   0x00000008   Code   RO        11395    i.icmp_time_exceeded  icmp.o
    0x08007974   0x08007974   0x00000022   Code   RO        11425    i.igmp_delaying_member  igmp.o
    0x08007996   0x08007996   0x00000002   PAD
    0x08007998   0x08007998   0x0000001c   Code   RO        11426    i.igmp_init         igmp.o
    0x080079b4   0x080079b4   0x000000c0   Code   RO        11427    i.igmp_input        igmp.o
    0x08007a74   0x08007a74   0x0000002c   Code   RO        11428    i.igmp_ip_output_if  igmp.o
    0x08007aa0   0x08007aa0   0x00000054   Code   RO        11429    i.igmp_joingroup    igmp.o
    0x08007af4   0x08007af4   0x00000070   Code   RO        11430    i.igmp_joingroup_netif  igmp.o
    0x08007b64   0x08007b64   0x00000060   Code   RO        11431    i.igmp_leavegroup   igmp.o
    0x08007bc4   0x08007bc4   0x00000084   Code   RO        11432    i.igmp_leavegroup_netif  igmp.o
    0x08007c48   0x08007c48   0x00000014   Code   RO        11433    i.igmp_lookfor_group  igmp.o
    0x08007c5c   0x08007c5c   0x00000042   Code   RO        11434    i.igmp_lookup_group  igmp.o
    0x08007c9e   0x08007c9e   0x00000024   Code   RO        11435    i.igmp_remove_group  igmp.o
    0x08007cc2   0x08007cc2   0x0000001c   Code   RO        11436    i.igmp_report_groups  igmp.o
    0x08007cde   0x08007cde   0x00000002   PAD
    0x08007ce0   0x08007ce0   0x00000084   Code   RO        11437    i.igmp_send         igmp.o
    0x08007d64   0x08007d64   0x00000034   Code   RO        11438    i.igmp_start        igmp.o
    0x08007d98   0x08007d98   0x00000026   Code   RO        11439    i.igmp_start_timer  igmp.o
    0x08007dbe   0x08007dbe   0x00000002   PAD
    0x08007dc0   0x08007dc0   0x00000020   Code   RO        11441    i.igmp_timeout      igmp.o
    0x08007de0   0x08007de0   0x00000034   Code   RO        11442    i.igmp_tmr          igmp.o
    0x08007e14   0x08007e14   0x0000000c   Code   RO         9568    i.inet_chksum       inet_chksum.o
    0x08007e20   0x08007e20   0x00000048   Code   RO         9569    i.inet_chksum_pbuf  inet_chksum.o
    0x08007e68   0x08007e68   0x00000028   Code   RO         9570    i.inet_chksum_pseudo  inet_chksum.o
    0x08007e90   0x08007e90   0x0000006a   Code   RO         9572    i.inet_cksum_pseudo_base  inet_chksum.o
    0x08007efa   0x08007efa   0x00000002   PAD
    0x08007efc   0x08007efc   0x000000a4   Code   RO        15083    i.internal_host_buffer_get  wwd_buffer.o
    0x08007fa0   0x08007fa0   0x00000040   Code   RO        11618    i.ip4_addr_isbroadcast_u32  ip4_addr.o
    0x08007fe0   0x08007fe0   0x0000010c   Code   RO        11672    i.ip4_frag          ip4_frag.o
    0x080080ec   0x080080ec   0x00000240   Code   RO        11562    i.ip4_input         ip4.o
    0x0800832c   0x0800832c   0x0000001e   Code   RO        11564    i.ip4_output_if     ip4.o
    0x0800834a   0x0800834a   0x0000003a   Code   RO        11565    i.ip4_output_if_opt  ip4.o
    0x08008384   0x08008384   0x0000014c   Code   RO        11566    i.ip4_output_if_opt_src  ip4.o
    0x080084d0   0x080084d0   0x0000001e   Code   RO        11567    i.ip4_output_if_src  ip4.o
    0x080084ee   0x080084ee   0x00000002   PAD
    0x080084f0   0x080084f0   0x0000018c   Code   RO        11673    i.ip4_reass         ip4_frag.o
    0x0800867c   0x0800867c   0x00000070   Code   RO        11568    i.ip4_route         ip4.o
    0x080086ec   0x080086ec   0x0000000c   Code   RO        11621    i.ip4addr_ntoa      ip4_addr.o
    0x080086f8   0x080086f8   0x00000086   Code   RO        11622    i.ip4addr_ntoa_r    ip4_addr.o
    0x0800877e   0x0800877e   0x0000000c   Code   RO         9574    i.ip_chksum_pseudo  inet_chksum.o
    0x0800878a   0x0800878a   0x00000002   PAD
    0x0800878c   0x0800878c   0x00000110   Code   RO        11674    i.ip_reass_chain_frag_into_datagram_and_validate  ip4_frag.o
    0x0800889c   0x0800889c   0x00000024   Code   RO        11675    i.ip_reass_dequeue_datagram  ip4_frag.o
    0x080088c0   0x080088c0   0x00000054   Code   RO        11676    i.ip_reass_enqueue_new_datagram  ip4_frag.o
    0x08008914   0x08008914   0x00000074   Code   RO        11677    i.ip_reass_free_complete_datagram  ip4_frag.o
    0x08008988   0x08008988   0x00000088   Code   RO        11678    i.ip_reass_remove_oldest_datagram  ip4_frag.o
    0x08008a10   0x08008a10   0x0000002c   Code   RO        11679    i.ip_reass_tmr      ip4_frag.o
    0x08008a3c   0x08008a3c   0x000000a8   Code   RO         7141    i.led2_build_ack_frame  client.o
    0x08008ae4   0x08008ae4   0x000000f4   Code   RO         7142    i.led2_build_hello_frame  client.o
    0x08008bd8   0x08008bd8   0x00000140   Code   RO         7143    i.led2_build_telemetry_frame  client.o
    0x08008d18   0x08008d18   0x00000044   Code   RO         7144    i.led2_crc16_ccitt  client.o
    0x08008d5c   0x08008d5c   0x0000000a   Code   RO         7145    i.led2_get_u16le    client.o
    0x08008d66   0x08008d66   0x00000002   PAD
    0x08008d68   0x08008d68   0x0000003c   Code   RO         7146    i.led2_handle_frame  client.o
    0x08008da4   0x08008da4   0x0000000e   Code   RO         7147    i.led2_has_elapsed  client.o
    0x08008db2   0x08008db2   0x00000002   PAD
    0x08008db4   0x08008db4   0x000000d8   Code   RO         7148    i.led2_process_rx_buffer  client.o
    0x08008e8c   0x08008e8c   0x0000002e   Code   RO         7149    i.led2_put_fixed_string  client.o
    0x08008eba   0x08008eba   0x0000001c   Code   RO         7150    i.led2_put_mem      client.o
    0x08008ed6   0x08008ed6   0x00000020   Code   RO         7151    i.led2_put_u16le    client.o
    0x08008ef6   0x08008ef6   0x00000038   Code   RO         7152    i.led2_put_u32le    client.o
    0x08008f2e   0x08008f2e   0x0000000c   Code   RO         7153    i.led2_put_u8       client.o
    0x08008f3a   0x08008f3a   0x00000002   PAD
    0x08008f3c   0x08008f3c   0x0000004c   Code   RO         7154    i.led2_recv_once    client.o
    0x08008f88   0x08008f88   0x00000010   Code   RO         7155    i.led2_reset_connection_state  client.o
    0x08008f98   0x08008f98   0x00000038   Code   RO         7156    i.led2_send_ack     client.o
    0x08008fd0   0x08008fd0   0x00000048   Code   RO         7157    i.led2_send_frame   client.o
    0x08009018   0x08009018   0x00000044   Code   RO         7158    i.led2_send_hello   client.o
    0x0800905c   0x0800905c   0x00000038   Code   RO         7159    i.led2_send_telemetry  client.o
    0x08009094   0x08009094   0x00000030   Code   RO         7160    i.led2_update_local_ip  client.o
    0x080090c4   0x080090c4   0x00000034   Code   RO        15409    i.low_level_init    wwd_network.o
    0x080090f8   0x080090f8   0x0000002c   Code   RO        15410    i.low_level_output  wwd_network.o
    0x08009124   0x08009124   0x0000005c   Code   RO         8989    i.lwip_close        sockets.o
    0x08009180   0x08009180   0x00000080   Code   RO         8990    i.lwip_connect      sockets.o
    0x08009200   0x08009200   0x00000018   Code   RO         9377    i.lwip_htonl        def.o
    0x08009218   0x08009218   0x0000000a   Code   RO         9378    i.lwip_htons        def.o
    0x08009222   0x08009222   0x00000002   PAD
    0x08009224   0x08009224   0x00000050   Code   RO        15411    i.lwip_igmp_mac_filter  wwd_network.o
    0x08009274   0x08009274   0x0000002a   Code   RO         9633    i.lwip_init         init.o
    0x0800929e   0x0800929e   0x00000084   Code   RO         8513    i.lwip_netconn_do_close  api_msg.o
    0x08009322   0x08009322   0x00000002   PAD
    0x08009324   0x08009324   0x00000180   Code   RO         8514    i.lwip_netconn_do_close_internal  api_msg.o
    0x080094a4   0x080094a4   0x000000dc   Code   RO         8515    i.lwip_netconn_do_connect  api_msg.o
    0x08009580   0x08009580   0x00000078   Code   RO         8516    i.lwip_netconn_do_connected  api_msg.o
    0x080095f8   0x080095f8   0x000000c6   Code   RO         8517    i.lwip_netconn_do_delconn  api_msg.o
    0x080096be   0x080096be   0x0000004c   Code   RO         8518    i.lwip_netconn_do_disconnect  api_msg.o
    0x0800970a   0x0800970a   0x000000c0   Code   RO         8520    i.lwip_netconn_do_getaddr  api_msg.o
    0x080097ca   0x080097ca   0x00000074   Code   RO         8522    i.lwip_netconn_do_join_leave_group  api_msg.o
    0x0800983e   0x0800983e   0x00000042   Code   RO         8524    i.lwip_netconn_do_newconn  api_msg.o
    0x08009880   0x08009880   0x0000006c   Code   RO         8525    i.lwip_netconn_do_recv  api_msg.o
    0x080098ec   0x080098ec   0x000000a2   Code   RO         8526    i.lwip_netconn_do_send  api_msg.o
    0x0800998e   0x0800998e   0x00000078   Code   RO         8527    i.lwip_netconn_do_write  api_msg.o
    0x08009a06   0x08009a06   0x00000164   Code   RO         8528    i.lwip_netconn_do_writemore  api_msg.o
    0x08009b6a   0x08009b6a   0x0000000e   Code   RO         9001    i.lwip_recv         sockets.o
    0x08009b78   0x08009b78   0x000001fc   Code   RO         9002    i.lwip_recvfrom     sockets.o
    0x08009d74   0x08009d74   0x000002a0   Code   RO         9003    i.lwip_select       sockets.o
    0x0800a014   0x0800a014   0x00000164   Code   RO         9004    i.lwip_selscan      sockets.o
    0x0800a178   0x0800a178   0x00000080   Code   RO         9005    i.lwip_send         sockets.o
    0x0800a1f8   0x0800a1f8   0x000000d4   Code   RO         9007    i.lwip_sendto       sockets.o
    0x0800a2cc   0x0800a2cc   0x0000007c   Code   RO         9012    i.lwip_socket       sockets.o
    0x0800a348   0x0800a348   0x0000004c   Code   RO         9013    i.lwip_socket_drop_registered_memberships  sockets.o
    0x0800a394   0x0800a394   0x00000056   Code   RO         9576    i.lwip_standard_chksum  inet_chksum.o
    0x0800a3ea   0x0800a3ea   0x00000002   PAD
    0x0800a3ec   0x0800a3ec   0x0000008c   Code   RO         6509    i.main              main.o
    0x0800a478   0x0800a478   0x0000006c   Code   RO        16611    i.malloc            mc_w.l(malloc.o)
    0x0800a4e4   0x0800a4e4   0x00000004   Code   RO         9715    i.mem_free          mem.o
    0x0800a4e8   0x0800a4e8   0x00000002   Code   RO         9716    i.mem_init          mem.o
    0x0800a4ea   0x0800a4ea   0x00000004   Code   RO         9717    i.mem_malloc        mem.o
    0x0800a4ee   0x0800a4ee   0x00000002   Code   RO         9718    i.mem_trim          mem.o
    0x0800a4f0   0x0800a4f0   0x00000018   Code   RO         9770    i.memp_free         memp.o
    0x0800a508   0x0800a508   0x0000000e   Code   RO         9771    i.memp_free_pool    memp.o
    0x0800a516   0x0800a516   0x00000002   PAD
    0x0800a518   0x0800a518   0x0000001c   Code   RO         9773    i.memp_init         memp.o
    0x0800a534   0x0800a534   0x0000002a   Code   RO         9774    i.memp_init_pool    memp.o
    0x0800a55e   0x0800a55e   0x00000002   PAD
    0x0800a560   0x0800a560   0x00000018   Code   RO         9775    i.memp_malloc       memp.o
    0x0800a578   0x0800a578   0x0000000c   Code   RO         9776    i.memp_malloc_pool  memp.o
    0x0800a584   0x0800a584   0x0000002e   Code   RO         8766    i.netbuf_alloc      netbuf.o
    0x0800a5b2   0x0800a5b2   0x00000024   Code   RO         8769    i.netbuf_delete     netbuf.o
    0x0800a5d6   0x0800a5d6   0x00000018   Code   RO         8771    i.netbuf_free       netbuf.o
    0x0800a5ee   0x0800a5ee   0x00000086   Code   RO         8529    i.netconn_alloc     api_msg.o
    0x0800a674   0x0800a674   0x00000018   Code   RO         8339    i.netconn_apimsg    api_lib.o
    0x0800a68c   0x0800a68c   0x0000002c   Code   RO         8342    i.netconn_close_shutdown  api_lib.o
    0x0800a6b8   0x0800a6b8   0x00000034   Code   RO         8343    i.netconn_connect   api_lib.o
    0x0800a6ec   0x0800a6ec   0x00000034   Code   RO         8344    i.netconn_delete    api_lib.o
    0x0800a720   0x0800a720   0x00000020   Code   RO         8345    i.netconn_disconnect  api_lib.o
    0x0800a740   0x0800a740   0x000000a0   Code   RO         8530    i.netconn_drain     api_msg.o
    0x0800a7e0   0x0800a7e0   0x00000030   Code   RO         8531    i.netconn_free      api_msg.o
    0x0800a810   0x0800a810   0x00000030   Code   RO         8346    i.netconn_getaddr   api_lib.o
    0x0800a840   0x0800a840   0x00000038   Code   RO         8348    i.netconn_join_leave_group  api_lib.o
    0x0800a878   0x0800a878   0x00000060   Code   RO         8350    i.netconn_new_with_proto_and_callback  api_lib.o
    0x0800a8d8   0x0800a8d8   0x00000068   Code   RO         8351    i.netconn_recv      api_lib.o
    0x0800a940   0x0800a940   0x000000ec   Code   RO         8352    i.netconn_recv_data  api_lib.o
    0x0800aa2c   0x0800aa2c   0x00000018   Code   RO         8353    i.netconn_recv_tcp_pbuf  api_lib.o
    0x0800aa44   0x0800aa44   0x00000024   Code   RO         8354    i.netconn_send      api_lib.o
    0x0800aa68   0x0800aa68   0x00000070   Code   RO         8358    i.netconn_write_partly  api_lib.o
    0x0800aad8   0x0800aad8   0x00000068   Code   RO         9936    i.netif_add         netif.o
    0x0800ab40   0x0800ab40   0x00000002   Code   RO         9939    i.netif_init        netif.o
    0x0800ab42   0x0800ab42   0x00000032   Code   RO         9941    i.netif_issue_reports  netif.o
    0x0800ab74   0x0800ab74   0x0000004c   Code   RO         9943    i.netif_set_addr    netif.o
    0x0800abc0   0x0800abc0   0x0000000c   Code   RO         9944    i.netif_set_default  netif.o
    0x0800abcc   0x0800abcc   0x0000000e   Code   RO         9946    i.netif_set_gw      netif.o
    0x0800abda   0x0800abda   0x00000002   PAD
    0x0800abdc   0x0800abdc   0x00000058   Code   RO         9947    i.netif_set_ipaddr  netif.o
    0x0800ac34   0x0800ac34   0x0000000e   Code   RO         9950    i.netif_set_netmask  netif.o
    0x0800ac42   0x0800ac42   0x00000032   Code   RO         9952    i.netif_set_up      netif.o
    0x0800ac74   0x0800ac74   0x00000156   Code   RO        10078    i.pbuf_alloc        pbuf.o
    0x0800adca   0x0800adca   0x0000005c   Code   RO        10079    i.pbuf_alloced_custom  pbuf.o
    0x0800ae26   0x0800ae26   0x00000028   Code   RO        10080    i.pbuf_cat          pbuf.o
    0x0800ae4e   0x0800ae4e   0x00000014   Code   RO        10081    i.pbuf_chain        pbuf.o
    0x0800ae62   0x0800ae62   0x00000012   Code   RO        10082    i.pbuf_clen         pbuf.o
    0x0800ae74   0x0800ae74   0x000000a0   Code   RO        10084    i.pbuf_copy         pbuf.o
    0x0800af14   0x0800af14   0x0000006c   Code   RO        10085    i.pbuf_copy_partial  pbuf.o
    0x0800af80   0x0800af80   0x0000007a   Code   RO        10087    i.pbuf_free         pbuf.o
    0x0800affa   0x0800affa   0x00000002   PAD
    0x0800affc   0x0800affc   0x00000034   Code   RO        10088    i.pbuf_free_ooseq   pbuf.o
    0x0800b030   0x0800b030   0x00000004   Code   RO        10089    i.pbuf_free_ooseq_callback  pbuf.o
    0x0800b034   0x0800b034   0x00000006   Code   RO        10091    i.pbuf_header       pbuf.o
    0x0800b03a   0x0800b03a   0x00000006   Code   RO        10092    i.pbuf_header_force  pbuf.o
    0x0800b040   0x0800b040   0x00000078   Code   RO        10093    i.pbuf_header_impl  pbuf.o
    0x0800b0b8   0x0800b0b8   0x00000040   Code   RO        10096    i.pbuf_pool_is_empty  pbuf.o
    0x0800b0f8   0x0800b0f8   0x0000001e   Code   RO        10097    i.pbuf_put_at       pbuf.o
    0x0800b116   0x0800b116   0x00000054   Code   RO        10098    i.pbuf_realloc      pbuf.o
    0x0800b16a   0x0800b16a   0x0000001c   Code   RO        10099    i.pbuf_ref          pbuf.o
    0x0800b186   0x0800b186   0x00000004   Code   RO        10100    i.pbuf_skip         pbuf.o
    0x0800b18a   0x0800b18a   0x00000018   Code   RO        10101    i.pbuf_skip_const   pbuf.o
    0x0800b1a2   0x0800b1a2   0x00000058   Code   RO        10103    i.pbuf_take         pbuf.o
    0x0800b1fa   0x0800b1fa   0x00000054   Code   RO        10104    i.pbuf_take_at      pbuf.o
    0x0800b24e   0x0800b24e   0x00000002   PAD
    0x0800b250   0x0800b250   0x00000080   Code   RO         8532    i.pcb_new           api_msg.o
    0x0800b2d0   0x0800b2d0   0x00000018   Code   RO        15996    i.platform_gpio_get_port_number  platform_gpio.o
    0x0800b2e8   0x0800b2e8   0x0000007c   Code   RO        16239    i.platform_gpio_init  gpio.o
    0x0800b364   0x0800b364   0x000000e4   Code   RO        16243    i.platform_gpio_irq_enable  gpio.o
    0x0800b448   0x0800b448   0x00000044   Code   RO        15871    i.platform_init_mcu_infrastructure  platform_init.o
    0x0800b48c   0x0800b48c   0x00000016   Code   RO        16140    i.platform_init_peripheral_irq_priorities  platform.o
    0x0800b4a2   0x0800b4a2   0x00000048   Code   RO        16207    i.platform_init_rtos_irq_priorities  low_level_init.o
    0x0800b4ea   0x0800b4ea   0x00000004   Code   RO        15874    i.platform_mcu_powersave_disable  platform_init.o
    0x0800b4ee   0x0800b4ee   0x00000004   Code   RO        15875    i.platform_mcu_powersave_enable  platform_init.o
    0x0800b4f2   0x0800b4f2   0x00000002   Code   RO        15732    i.platform_mcu_powersave_exit_notify  wwd_sdio.o
    0x0800b4f4   0x0800b4f4   0x00000062   Code   RO         8533    i.poll_tcp          api_msg.o
    0x0800b556   0x0800b556   0x00000002   PAD
    0x0800b558   0x0800b558   0x00000024   Code   RO        15591    i.prng_add_cyclecnt_entropy  wiced_crypto.o
    0x0800b57c   0x0800b57c   0x00000024   Code   RO        15592    i.prng_is_add_cyclecnt_entropy  wiced_crypto.o
    0x0800b5a0   0x0800b5a0   0x00000044   Code   RO        15593    i.prng_well512_add_entropy  wiced_crypto.o
    0x0800b5e4   0x0800b5e4   0x00000070   Code   RO        15594    i.prng_well512_get_random  wiced_crypto.o
    0x0800b654   0x0800b654   0x00000070   Code   RO         7663    i.prvAddCurrentTaskToDelayedList  tasks.o
    0x0800b6c4   0x0800b6c4   0x00000088   Code   RO         7664    i.prvAddNewTaskToReadyList  tasks.o
    0x0800b74c   0x0800b74c   0x00000054   Code   RO         7665    i.prvCheckTasksWaitingTermination  tasks.o
    0x0800b7a0   0x0800b7a0   0x00000028   Code   RO         7465    i.prvCopyDataFromQueue  queue.o
    0x0800b7c8   0x0800b7c8   0x0000005c   Code   RO         7466    i.prvCopyDataToQueue  queue.o
    0x0800b824   0x0800b824   0x00000014   Code   RO         7666    i.prvDeleteTCB      tasks.o
    0x0800b838   0x0800b838   0x0000004c   Code   RO         7983    i.prvHeapInit       heap_4.o
    0x0800b884   0x0800b884   0x00000028   Code   RO         7667    i.prvIdleTask       tasks.o
    0x0800b8ac   0x0800b8ac   0x00000020   Code   RO         7467    i.prvInitialiseNewQueue  queue.o
    0x0800b8cc   0x0800b8cc   0x000000e0   Code   RO         7668    i.prvInitialiseNewTask  tasks.o
    0x0800b9ac   0x0800b9ac   0x00000058   Code   RO         7669    i.prvInitialiseTaskLists  tasks.o
    0x0800ba04   0x0800ba04   0x00000054   Code   RO         7984    i.prvInsertBlockIntoFreeList  heap_4.o
    0x0800ba58   0x0800ba58   0x0000001a   Code   RO         7468    i.prvIsQueueEmpty   queue.o
    0x0800ba72   0x0800ba72   0x0000001e   Code   RO         7469    i.prvIsQueueFull    queue.o
    0x0800ba90   0x0800ba90   0x000000c0   Code   RO         7470    i.prvNotifyQueueSetContainer  queue.o
    0x0800bb50   0x0800bb50   0x00000024   Code   RO         7670    i.prvResetNextTaskUnblockTime  tasks.o
    0x0800bb74   0x0800bb74   0x00000040   Code   RO         8046    i.prvTaskExitError  port.o
    0x0800bbb4   0x0800bbb4   0x0000007e   Code   RO         7471    i.prvUnlockQueue    queue.o
    0x0800bc32   0x0800bc32   0x00000002   PAD
    0x0800bc34   0x0800bc34   0x000000e4   Code   RO         7985    i.pvPortMalloc      heap_4.o
    0x0800bd18   0x0800bd18   0x00000024   Code   RO         8047    i.pxPortInitialiseStack  port.o
    0x0800bd3c   0x0800bd3c   0x00000014   Code   RO        10267    i.raw_connect       raw.o
    0x0800bd50   0x0800bd50   0x0000007c   Code   RO        10268    i.raw_input         raw.o
    0x0800bdcc   0x0800bdcc   0x00000028   Code   RO        10269    i.raw_input_match   raw.o
    0x0800bdf4   0x0800bdf4   0x00000034   Code   RO        10270    i.raw_netif_ip_addr_changed  raw.o
    0x0800be28   0x0800be28   0x0000002c   Code   RO        10271    i.raw_new           raw.o
    0x0800be54   0x0800be54   0x00000006   Code   RO        10272    i.raw_new_ip_type   raw.o
    0x0800be5a   0x0800be5a   0x00000006   Code   RO        10273    i.raw_recv          raw.o
    0x0800be60   0x0800be60   0x00000030   Code   RO        10274    i.raw_remove        raw.o
    0x0800be90   0x0800be90   0x00000006   Code   RO        10275    i.raw_send          raw.o
    0x0800be96   0x0800be96   0x000000a0   Code   RO        10276    i.raw_sendto        raw.o
    0x0800bf36   0x0800bf36   0x00000002   PAD
    0x0800bf38   0x0800bf38   0x0000008c   Code   RO         8534    i.recv_raw          api_msg.o
    0x0800bfc4   0x0800bfc4   0x00000076   Code   RO         8535    i.recv_tcp          api_msg.o
    0x0800c03a   0x0800c03a   0x00000084   Code   RO         8536    i.recv_udp          api_msg.o
    0x0800c0be   0x0800c0be   0x0000002c   Code   RO        14887    i.resource_read     platform_resource.o
    0x0800c0ea   0x0800c0ea   0x00000002   PAD
    0x0800c0ec   0x0800c0ec   0x00000010   Code   RO        15734    i.sdio_enable_bus_irq  wwd_sdio.o
    0x0800c0fc   0x0800c0fc   0x00000078   Code   RO        15735    i.sdio_get_blocksize_dctrl  wwd_sdio.o
    0x0800c174   0x0800c174   0x0000000e   Code   RO        15736    i.sdio_oob_irq_handler  wwd_sdio.o
    0x0800c182   0x0800c182   0x00000002   PAD
    0x0800c184   0x0800c184   0x0000005c   Code   RO        15737    i.sdio_prepare_data_transfer  wwd_sdio.o
    0x0800c1e0   0x0800c1e0   0x00000058   Code   RO         8537    i.sent_tcp          api_msg.o
    0x0800c238   0x0800c238   0x00000044   Code   RO         8538    i.setup_tcp         api_msg.o
    0x0800c27c   0x0800c27c   0x000000d4   Code   RO         6510    i.startup_thread    main.o
    0x0800c350   0x0800c350   0x00000074   Code   RO         8135    i.sys_arch_mbox_fetch  sys_arch.o
    0x0800c3c4   0x0800c3c4   0x00000020   Code   RO         8136    i.sys_arch_mbox_tryfetch  sys_arch.o
    0x0800c3e4   0x0800c3e4   0x0000000a   Code   RO         8137    i.sys_arch_protect  sys_arch.o
    0x0800c3ee   0x0800c3ee   0x00000054   Code   RO         8138    i.sys_arch_sem_wait  sys_arch.o
    0x0800c442   0x0800c442   0x00000004   Code   RO         8139    i.sys_arch_unprotect  sys_arch.o
    0x0800c446   0x0800c446   0x00000002   PAD
    0x0800c448   0x0800c448   0x0000004c   Code   RO        10853    i.sys_check_timeouts  timeouts.o
    0x0800c494   0x0800c494   0x00000002   Code   RO         8141    i.sys_init          sys_arch.o
    0x0800c496   0x0800c496   0x00000014   Code   RO         8142    i.sys_mbox_free     sys_arch.o
    0x0800c4aa   0x0800c4aa   0x00000014   Code   RO         8143    i.sys_mbox_new      sys_arch.o
    0x0800c4be   0x0800c4be   0x00000012   Code   RO         8144    i.sys_mbox_post     sys_arch.o
    0x0800c4d0   0x0800c4d0   0x00000006   Code   RO         8145    i.sys_mbox_set_invalid  sys_arch.o
    0x0800c4d6   0x0800c4d6   0x0000001c   Code   RO         8146    i.sys_mbox_trypost  sys_arch.o
    0x0800c4f2   0x0800c4f2   0x0000000a   Code   RO         8147    i.sys_mbox_valid    sys_arch.o
    0x0800c4fc   0x0800c4fc   0x00000024   Code   RO        10348    i.sys_msleep        sys.o
    0x0800c520   0x0800c520   0x00000004   Code   RO         8148    i.sys_now           sys_arch.o
    0x0800c524   0x0800c524   0x00000010   Code   RO         8149    i.sys_rand16        sys_arch.o
    0x0800c534   0x0800c534   0x00000006   Code   RO         8150    i.sys_sem_free      sys_arch.o
    0x0800c53a   0x0800c53a   0x00000064   Code   RO         8151    i.sys_sem_new       sys_arch.o
    0x0800c59e   0x0800c59e   0x00000006   Code   RO         8152    i.sys_sem_set_invalid  sys_arch.o
    0x0800c5a4   0x0800c5a4   0x0000000c   Code   RO         8153    i.sys_sem_signal    sys_arch.o
    0x0800c5b0   0x0800c5b0   0x0000000a   Code   RO         8154    i.sys_sem_valid     sys_arch.o
    0x0800c5ba   0x0800c5ba   0x00000006   Code   RO         8155    i.sys_thread_exit   sys_arch.o
    0x0800c5c0   0x0800c5c0   0x00000022   Code   RO         8157    i.sys_thread_new    sys_arch.o
    0x0800c5e2   0x0800c5e2   0x00000002   PAD
    0x0800c5e4   0x0800c5e4   0x0000009c   Code   RO        10855    i.sys_timeout       timeouts.o
    0x0800c680   0x0800c680   0x00000030   Code   RO        10857    i.sys_timeouts_init  timeouts.o
    0x0800c6b0   0x0800c6b0   0x0000003c   Code   RO        10858    i.sys_timeouts_mbox_fetch  timeouts.o
    0x0800c6ec   0x0800c6ec   0x00000034   Code   RO        10859    i.sys_timeouts_resume  timeouts.o
    0x0800c720   0x0800c720   0x0000002c   Code   RO        10860    i.sys_timeouts_sleeptime  timeouts.o
    0x0800c74c   0x0800c74c   0x00000030   Code   RO        10861    i.sys_timeouts_suspend  timeouts.o
    0x0800c77c   0x0800c77c   0x0000004c   Code   RO        10862    i.sys_untimeout     timeouts.o
    0x0800c7c8   0x0800c7c8   0x000000dc   Code   RO        10372    i.tcp_abandon       tcp.o
    0x0800c8a4   0x0800c8a4   0x00000006   Code   RO        10373    i.tcp_abort         tcp.o
    0x0800c8aa   0x0800c8aa   0x0000000e   Code   RO        10374    i.tcp_accept        tcp.o
    0x0800c8b8   0x0800c8b8   0x000000b4   Code   RO        10376    i.tcp_alloc         tcp.o
    0x0800c96c   0x0800c96c   0x00000008   Code   RO        10377    i.tcp_arg           tcp.o
    0x0800c974   0x0800c974   0x0000001c   Code   RO        10378    i.tcp_backlog_accepted  tcp.o
    0x0800c990   0x0800c990   0x00000014   Code   RO        10381    i.tcp_close         tcp.o
    0x0800c9a4   0x0800c9a4   0x00000114   Code   RO        10382    i.tcp_close_shutdown  tcp.o
    0x0800cab8   0x0800cab8   0x00000066   Code   RO        10383    i.tcp_close_shutdown_fin  tcp.o
    0x0800cb1e   0x0800cb1e   0x00000002   PAD
    0x0800cb20   0x0800cb20   0x00000148   Code   RO        10384    i.tcp_connect       tcp.o
    0x0800cc68   0x0800cc68   0x000000a2   Code   RO        10752    i.tcp_create_segment  tcp_out.o
    0x0800cd0a   0x0800cd0a   0x00000026   Code   RO        10387    i.tcp_eff_send_mss_impl  tcp.o
    0x0800cd30   0x0800cd30   0x000000b0   Code   RO        10753    i.tcp_enqueue_flags  tcp_out.o
    0x0800cde0   0x0800cde0   0x0000000a   Code   RO        10388    i.tcp_err           tcp.o
    0x0800cdea   0x0800cdea   0x00000002   PAD
    0x0800cdec   0x0800cdec   0x0000006c   Code   RO        10389    i.tcp_fasttmr       tcp.o
    0x0800ce58   0x0800ce58   0x00000030   Code   RO        10683    i.tcp_getoptbyte    tcp_in.o
    0x0800ce88   0x0800ce88   0x00000014   Code   RO        10390    i.tcp_init          tcp.o
    0x0800ce9c   0x0800ce9c   0x000003e8   Code   RO        10684    i.tcp_input         tcp_in.o
    0x0800d284   0x0800d284   0x00000040   Code   RO        10685    i.tcp_input_delayed_close  tcp_in.o
    0x0800d2c4   0x0800d2c4   0x0000006a   Code   RO        10754    i.tcp_keepalive     tcp_out.o
    0x0800d32e   0x0800d32e   0x00000002   PAD
    0x0800d330   0x0800d330   0x00000048   Code   RO        10391    i.tcp_kill_prio     tcp.o
    0x0800d378   0x0800d378   0x0000003c   Code   RO        10392    i.tcp_kill_state    tcp.o
    0x0800d3b4   0x0800d3b4   0x00000034   Code   RO        10393    i.tcp_kill_timewait  tcp.o
    0x0800d3e8   0x0800d3e8   0x00000020   Code   RO        10394    i.tcp_listen_closed  tcp.o
    0x0800d408   0x0800d408   0x0000010c   Code   RO        10686    i.tcp_listen_input  tcp_in.o
    0x0800d514   0x0800d514   0x00000050   Code   RO        10397    i.tcp_netif_ip_addr_changed  tcp.o
    0x0800d564   0x0800d564   0x00000022   Code   RO        10398    i.tcp_netif_ip_addr_changed_pcblist  tcp.o
    0x0800d586   0x0800d586   0x00000006   Code   RO        10400    i.tcp_new_ip_type   tcp.o
    0x0800d58c   0x0800d58c   0x00000058   Code   RO        10401    i.tcp_new_port      tcp.o
    0x0800d5e4   0x0800d5e4   0x00000010   Code   RO        10402    i.tcp_next_iss      tcp.o
    0x0800d5f4   0x0800d5f4   0x0000007c   Code   RO        10687    i.tcp_oos_insert_segment  tcp_in.o
    0x0800d670   0x0800d670   0x00000210   Code   RO        10755    i.tcp_output        tcp_out.o
    0x0800d880   0x0800d880   0x00000070   Code   RO        10756    i.tcp_output_alloc_header  tcp_out.o
    0x0800d8f0   0x0800d8f0   0x000000bc   Code   RO        10757    i.tcp_output_segment  tcp_out.o
    0x0800d9ac   0x0800d9ac   0x00000074   Code   RO        10688    i.tcp_parseopt      tcp_in.o
    0x0800da20   0x0800da20   0x00000020   Code   RO        10758    i.tcp_pbuf_prealloc  tcp_out.o
    0x0800da40   0x0800da40   0x00000048   Code   RO        10403    i.tcp_pcb_purge     tcp.o
    0x0800da88   0x0800da88   0x00000050   Code   RO        10404    i.tcp_pcb_remove    tcp.o
    0x0800dad8   0x0800dad8   0x00000008   Code   RO        10405    i.tcp_poll          tcp.o
    0x0800dae0   0x0800dae0   0x0000043c   Code   RO        10689    i.tcp_process       tcp_in.o
    0x0800df1c   0x0800df1c   0x00000074   Code   RO        10406    i.tcp_process_refused_data  tcp.o
    0x0800df90   0x0800df90   0x00000724   Code   RO        10690    i.tcp_receive       tcp_in.o
    0x0800e6b4   0x0800e6b4   0x0000000a   Code   RO        10407    i.tcp_recv          tcp.o
    0x0800e6be   0x0800e6be   0x00000026   Code   RO        10408    i.tcp_recv_null     tcp.o
    0x0800e6e4   0x0800e6e4   0x00000048   Code   RO        10409    i.tcp_recved        tcp.o
    0x0800e72c   0x0800e72c   0x00000014   Code   RO        10410    i.tcp_remove_listener  tcp.o
    0x0800e740   0x0800e740   0x00000056   Code   RO        10759    i.tcp_rexmit        tcp_out.o
    0x0800e796   0x0800e796   0x00000058   Code   RO        10760    i.tcp_rexmit_fast   tcp_out.o
    0x0800e7ee   0x0800e7ee   0x00000032   Code   RO        10761    i.tcp_rexmit_rto    tcp_out.o
    0x0800e820   0x0800e820   0x0000009a   Code   RO        10762    i.tcp_rst           tcp_out.o
    0x0800e8ba   0x0800e8ba   0x00000026   Code   RO        10411    i.tcp_seg_copy      tcp.o
    0x0800e8e0   0x0800e8e0   0x0000001e   Code   RO        10412    i.tcp_seg_free      tcp.o
    0x0800e8fe   0x0800e8fe   0x00000012   Code   RO        10413    i.tcp_segs_free     tcp.o
    0x0800e910   0x0800e910   0x00000084   Code   RO        10763    i.tcp_send_empty_ack  tcp_out.o
    0x0800e994   0x0800e994   0x00000048   Code   RO        10764    i.tcp_send_fin      tcp_out.o
    0x0800e9dc   0x0800e9dc   0x00000008   Code   RO        10414    i.tcp_sent          tcp.o
    0x0800e9e4   0x0800e9e4   0x00000062   Code   RO        10416    i.tcp_shutdown      tcp.o
    0x0800ea46   0x0800ea46   0x00000002   PAD
    0x0800ea48   0x0800ea48   0x00000290   Code   RO        10417    i.tcp_slowtmr       tcp.o
    0x0800ecd8   0x0800ecd8   0x00000034   Code   RO        10863    i.tcp_timer_needed  timeouts.o
    0x0800ed0c   0x0800ed0c   0x00000068   Code   RO        10691    i.tcp_timewait_input  tcp_in.o
    0x0800ed74   0x0800ed74   0x00000020   Code   RO        10418    i.tcp_tmr           tcp.o
    0x0800ed94   0x0800ed94   0x00000010   Code   RO        10692    i.tcp_trigger_input_pcb_close  tcp_in.o
    0x0800eda4   0x0800eda4   0x00000036   Code   RO        10420    i.tcp_update_rcv_ann_wnd  tcp.o
    0x0800edda   0x0800edda   0x00000328   Code   RO        10765    i.tcp_write         tcp_out.o
    0x0800f102   0x0800f102   0x0000004e   Code   RO        10766    i.tcp_write_checks  tcp_out.o
    0x0800f150   0x0800f150   0x000000d8   Code   RO        10767    i.tcp_zero_window_probe  tcp_out.o
    0x0800f228   0x0800f228   0x0000005c   Code   RO         9243    i.tcpip_callback_with_block  tcpip.o
    0x0800f284   0x0800f284   0x00000048   Code   RO         9248    i.tcpip_init        tcpip.o
    0x0800f2cc   0x0800f2cc   0x0000000c   Code   RO         6511    i.tcpip_init_done   main.o
    0x0800f2d8   0x0800f2d8   0x00000050   Code   RO         9249    i.tcpip_inpkt       tcpip.o
    0x0800f328   0x0800f328   0x00000020   Code   RO         9250    i.tcpip_input       tcpip.o
    0x0800f348   0x0800f348   0x00000038   Code   RO         9251    i.tcpip_send_msg_wait_sem  tcpip.o
    0x0800f380   0x0800f380   0x00000038   Code   RO        10864    i.tcpip_tcp_timer   timeouts.o
    0x0800f3b8   0x0800f3b8   0x000000e0   Code   RO         9252    i.tcpip_thread      tcpip.o
    0x0800f498   0x0800f498   0x00000024   Code   RO         9020    i.tryget_socket     sockets.o
    0x0800f4bc   0x0800f4bc   0x00000090   Code   RO        10955    i.udp_bind          udp.o
    0x0800f54c   0x0800f54c   0x00000054   Code   RO        10956    i.udp_connect       udp.o
    0x0800f5a0   0x0800f5a0   0x00000010   Code   RO        10958    i.udp_disconnect    udp.o
    0x0800f5b0   0x0800f5b0   0x00000014   Code   RO        10959    i.udp_init          udp.o
    0x0800f5c4   0x0800f5c4   0x00000168   Code   RO        10960    i.udp_input         udp.o
    0x0800f72c   0x0800f72c   0x00000038   Code   RO        10961    i.udp_input_local_match  udp.o
    0x0800f764   0x0800f764   0x00000034   Code   RO        10962    i.udp_netif_ip_addr_changed  udp.o
    0x0800f798   0x0800f798   0x0000001e   Code   RO        10963    i.udp_new           udp.o
    0x0800f7b6   0x0800f7b6   0x00000004   Code   RO        10964    i.udp_new_ip_type   udp.o
    0x0800f7ba   0x0800f7ba   0x00000002   PAD
    0x0800f7bc   0x0800f7bc   0x00000048   Code   RO        10965    i.udp_new_port      udp.o
    0x0800f804   0x0800f804   0x00000006   Code   RO        10966    i.udp_recv          udp.o
    0x0800f80a   0x0800f80a   0x00000002   PAD
    0x0800f80c   0x0800f80c   0x00000030   Code   RO        10967    i.udp_remove        udp.o
    0x0800f83c   0x0800f83c   0x00000012   Code   RO        10968    i.udp_send          udp.o
    0x0800f84e   0x0800f84e   0x00000002   PAD
    0x0800f850   0x0800f850   0x00000058   Code   RO        10969    i.udp_sendto        udp.o
    0x0800f8a8   0x0800f8a8   0x00000038   Code   RO        10970    i.udp_sendto_if     udp.o
    0x0800f8e0   0x0800f8e0   0x000000e8   Code   RO        10971    i.udp_sendto_if_src  udp.o
    0x0800f9c8   0x0800f9c8   0x00000024   Code   RO         7416    i.uxListRemove      list.o
    0x0800f9ec   0x0800f9ec   0x00000074   Code   RO         7472    i.uxQueueMessagesWaiting  queue.o
    0x0800fa60   0x0800fa60   0x00000016   Code   RO         7417    i.vListInitialise   list.o
    0x0800fa76   0x0800fa76   0x00000006   Code   RO         7418    i.vListInitialiseItem  list.o
    0x0800fa7c   0x0800fa7c   0x00000030   Code   RO         7419    i.vListInsert       list.o
    0x0800faac   0x0800faac   0x00000018   Code   RO         7420    i.vListInsertEnd    list.o
    0x0800fac4   0x0800fac4   0x00000054   Code   RO         8049    i.vPortEnterCritical  port.o
    0x0800fb18   0x0800fb18   0x00000040   Code   RO         8050    i.vPortExitCritical  port.o
    0x0800fb58   0x0800fb58   0x00000078   Code   RO         7986    i.vPortFree         heap_4.o
    0x0800fbd0   0x0800fbd0   0x00000020   Code   RO         8051    i.vPortSetupTimerInterrupt  port.o
    0x0800fbf0   0x0800fbf0   0x00000064   Code   RO         8052    i.vPortValidateInterruptPriority  port.o
    0x0800fc54   0x0800fc54   0x00000074   Code   RO         7476    i.vQueueDelete      queue.o
    0x0800fcc8   0x0800fcc8   0x00000028   Code   RO         7477    i.vQueueUnregisterQueue  queue.o
    0x0800fcf0   0x0800fcf0   0x0000009c   Code   RO         7677    i.vTaskDelay        tasks.o
    0x0800fd8c   0x0800fd8c   0x00000114   Code   RO         7679    i.vTaskDelete       tasks.o
    0x0800fea0   0x0800fea0   0x0000000c   Code   RO         7681    i.vTaskMissedYield  tasks.o
    0x0800feac   0x0800feac   0x00000084   Code   RO         7683    i.vTaskPlaceOnEventList  tasks.o
    0x0800ff30   0x0800ff30   0x00000074   Code   RO         7687    i.vTaskSetTimeOutState  tasks.o
    0x0800ffa4   0x0800ffa4   0x000000bc   Code   RO         7688    i.vTaskStartScheduler  tasks.o
    0x08010060   0x08010060   0x00000010   Code   RO         7690    i.vTaskSuspendAll   tasks.o
    0x08010070   0x08010070   0x000000ac   Code   RO         7691    i.vTaskSwitchContext  tasks.o
    0x0801011c   0x0801011c   0x00000038   Code   RO        15596    i.wiced_crypto_get_random  wiced_crypto.o
    0x08010154   0x08010154   0x00000220   Code   RO        13143    i.wiced_join_events_handler  wwd_wifi.o
    0x08010374   0x08010374   0x0000001c   Code   RO        15085    i.wiced_pbuf_free   wwd_buffer.o
    0x08010390   0x08010390   0x00000034   Code   RO        12353    i.wwd_allow_wlan_bus_to_sleep  wwd_chip_specific_functions.o
    0x080103c4   0x080103c4   0x00000004   Code   RO        15086    i.wwd_buffer_init   wwd_buffer.o
    0x080103c8   0x080103c8   0x00000078   Code   RO        12109    i.wwd_bus_handle_delayed_release  wwd_bus_common.o
    0x08010440   0x08010440   0x00000290   Code   RO        11852    i.wwd_bus_init      wwd_bus_protocol.o
    0x080106d0   0x080106d0   0x0000000c   Code   RO        12110    i.wwd_bus_init_backplane_window  wwd_bus_common.o
    0x080106dc   0x080106dc   0x0000000c   Code   RO        11854    i.wwd_bus_is_flow_controlled  wwd_bus_protocol.o
    0x080106e8   0x080106e8   0x0000000c   Code   RO        12354    i.wwd_bus_is_up     wwd_chip_specific_functions.o
    0x080106f4   0x080106f4   0x0000004c   Code   RO        11855    i.wwd_bus_packet_available_to_read  wwd_bus_protocol.o
    0x08010740   0x08010740   0x00000004   Code   RO        12112    i.wwd_bus_platform_mcu_power_save_deep_sleep_enabled  wwd_bus_common.o
    0x08010744   0x08010744   0x00000010   Code   RO        11856    i.wwd_bus_poke_wlan  wwd_bus_protocol.o
    0x08010754   0x08010754   0x00000046   Code   RO        11858    i.wwd_bus_read_backplane_value  wwd_bus_protocol.o
    0x0801079a   0x0801079a   0x00000002   PAD
    0x0801079c   0x0801079c   0x00000128   Code   RO        11859    i.wwd_bus_read_frame  wwd_bus_protocol.o
    0x080108c4   0x080108c4   0x00000028   Code   RO        11860    i.wwd_bus_read_register_value  wwd_bus_protocol.o
    0x080108ec   0x080108ec   0x00000254   Code   RO        11861    i.wwd_bus_reinit    wwd_bus_protocol.o
    0x08010b40   0x08010b40   0x00000006   Code   RO        12115    i.wwd_bus_resume_after_deep_sleep  wwd_bus_common.o
    0x08010b46   0x08010b46   0x00000002   PAD
    0x08010b48   0x08010b48   0x00000044   Code   RO        11862    i.wwd_bus_sdio_abort_read  wwd_bus_protocol.o
    0x08010b8c   0x08010b8c   0x00000066   Code   RO        11863    i.wwd_bus_sdio_cmd52  wwd_bus_protocol.o
    0x08010bf2   0x08010bf2   0x000000b2   Code   RO        11864    i.wwd_bus_sdio_cmd53  wwd_bus_protocol.o
    0x08010ca4   0x08010ca4   0x000000f8   Code   RO        11865    i.wwd_bus_sdio_download_firmware  wwd_bus_protocol.o
    0x08010d9c   0x08010d9c   0x00000058   Code   RO        11866    i.wwd_bus_sdio_set_oob_interrupt  wwd_bus_protocol.o
    0x08010df4   0x08010df4   0x00000038   Code   RO        11867    i.wwd_bus_sdio_transfer  wwd_bus_protocol.o
    0x08010e2c   0x08010e2c   0x00000038   Code   RO        11868    i.wwd_bus_send_buffer  wwd_bus_protocol.o
    0x08010e64   0x08010e64   0x00000098   Code   RO        12116    i.wwd_bus_set_backplane_window  wwd_bus_common.o
    0x08010efc   0x08010efc   0x00000018   Code   RO        11869    i.wwd_bus_set_flow_control  wwd_bus_protocol.o
    0x08010f14   0x08010f14   0x00000004   Code   RO        11870    i.wwd_bus_specific_sleep  wwd_bus_protocol.o
    0x08010f18   0x08010f18   0x00000004   Code   RO        11871    i.wwd_bus_specific_wakeup  wwd_bus_protocol.o
    0x08010f1c   0x08010f1c   0x00000010   Code   RO        11872    i.wwd_bus_transfer_bytes  wwd_bus_protocol.o
    0x08010f2c   0x08010f2c   0x00000048   Code   RO        11873    i.wwd_bus_wake_interrupt_present  wwd_bus_protocol.o
    0x08010f74   0x08010f74   0x00000040   Code   RO        11874    i.wwd_bus_write_backplane_value  wwd_bus_protocol.o
    0x08010fb4   0x08010fb4   0x0000001e   Code   RO        11875    i.wwd_bus_write_register_value  wwd_bus_protocol.o
    0x08010fd2   0x08010fd2   0x00000008   Code   RO        12121    i.wwd_bus_write_wifi_firmware_image  wwd_bus_common.o
    0x08010fda   0x08010fda   0x00000002   PAD
    0x08010fdc   0x08010fdc   0x00000048   Code   RO        12122    i.wwd_bus_write_wifi_nvram_image  wwd_bus_common.o
    0x08011024   0x08011024   0x00000004   Code   RO        12355    i.wwd_chip_specific_init  wwd_chip_specific_functions.o
    0x08011028   0x08011028   0x00000004   Code   RO        12356    i.wwd_chip_specific_socsram_init  wwd_chip_specific_functions.o
    0x0801102c   0x0801102c   0x00000010   Code   RO        12123    i.wwd_delayed_bus_release_schedule_update  wwd_bus_common.o
    0x0801103c   0x0801103c   0x0000004c   Code   RO        12540    i.wwd_device_core_is_up  wwd_internal.o
    0x08011088   0x08011088   0x00000080   Code   RO        12541    i.wwd_disable_device_core  wwd_internal.o
    0x08011108   0x08011108   0x0000006c   Code   RO        12357    i.wwd_ensure_wlan_bus_is_up  wwd_chip_specific_functions.o
    0x08011174   0x08011174   0x00000014   Code   RO        12840    i.wwd_get_bss_index  wwd_sdpcm.o
    0x08011188   0x08011188   0x0000000c   Code   RO        12542    i.wwd_get_core_address  wwd_internal.o
    0x08011194   0x08011194   0x00000002   Code   RO        12474    i.wwd_init_stats    wwd_debug.o
    0x08011196   0x08011196   0x00000002   Code   RO        13156    i.wwd_log_event     wwd_wifi.o
    0x08011198   0x08011198   0x000000cc   Code   RO        12841    i.wwd_management_alloc_event_msgs_buffer  wwd_sdpcm.o
    0x08011264   0x08011264   0x000000dc   Code   RO        12842    i.wwd_management_set_event_handler  wwd_sdpcm.o
    0x08011340   0x08011340   0x00000070   Code   RO        12843    i.wwd_management_set_event_handler_locally  wwd_sdpcm.o
    0x080113b0   0x080113b0   0x00000178   Code   RO        12747    i.wwd_management_wifi_on  wwd_management.o
    0x08011528   0x08011528   0x00000068   Code   RO        12748    i.wwd_management_wifi_platform_init  wwd_management.o
    0x08011590   0x08011590   0x0000000c   Code   RO        12844    i.wwd_map_dscp_to_priority  wwd_sdpcm.o
    0x0801159c   0x0801159c   0x000000ac   Code   RO        12845    i.wwd_network_send_ethernet_data  wwd_sdpcm.o
    0x08011648   0x08011648   0x00000090   Code   RO        12545    i.wwd_reset_device_core  wwd_internal.o
    0x080116d8   0x080116d8   0x00000014   Code   RO        12846    i.wwd_sdpcm_bus_vars_init  wwd_sdpcm.o
    0x080116ec   0x080116ec   0x00000010   Code   RO        12847    i.wwd_sdpcm_get_available_credits  wwd_sdpcm.o
    0x080116fc   0x080116fc   0x00000024   Code   RO        12848    i.wwd_sdpcm_get_ioctl_buffer  wwd_sdpcm.o
    0x08011720   0x08011720   0x00000058   Code   RO        12849    i.wwd_sdpcm_get_iovar_buffer  wwd_sdpcm.o
    0x08011778   0x08011778   0x0000000a   Code   RO        12850    i.wwd_sdpcm_get_next_buffer_in_queue  wwd_sdpcm.o
    0x08011782   0x08011782   0x00000002   PAD
    0x08011784   0x08011784   0x00000074   Code   RO        12851    i.wwd_sdpcm_get_packet_to_send  wwd_sdpcm.o
    0x080117f8   0x080117f8   0x00000014   Code   RO        12852    i.wwd_sdpcm_has_tx_packet  wwd_sdpcm.o
    0x0801180c   0x0801180c   0x000000b8   Code   RO        12853    i.wwd_sdpcm_init    wwd_sdpcm.o
    0x080118c4   0x080118c4   0x00000014   Code   RO        12854    i.wwd_sdpcm_notify_client_ioctl_end_registered  wwd_sdpcm.o
    0x080118d8   0x080118d8   0x00000018   Code   RO        12855    i.wwd_sdpcm_notify_client_ioctl_finished  wwd_sdpcm.o
    0x080118f0   0x080118f0   0x00000010   Code   RO        12856    i.wwd_sdpcm_notify_client_ioctl_start  wwd_sdpcm.o
    0x08011900   0x08011900   0x000002c0   Code   RO        12857    i.wwd_sdpcm_process_rx_packet  wwd_sdpcm.o
    0x08011bc0   0x08011bc0   0x00000044   Code   RO        12858    i.wwd_sdpcm_quit    wwd_sdpcm.o
    0x08011c04   0x08011c04   0x00000080   Code   RO        12860    i.wwd_sdpcm_send_common  wwd_sdpcm.o
    0x08011c84   0x08011c84   0x00000164   Code   RO        12861    i.wwd_sdpcm_send_ioctl  wwd_sdpcm.o
    0x08011de8   0x08011de8   0x0000002a   Code   RO        12862    i.wwd_sdpcm_send_iovar  wwd_sdpcm.o
    0x08011e12   0x08011e12   0x0000000e   Code   RO        12863    i.wwd_sdpcm_set_next_buffer_in_queue  wwd_sdpcm.o
    0x08011e20   0x08011e20   0x00000034   Code   RO        12864    i.wwd_sdpcm_update_credit  wwd_sdpcm.o
    0x08011e54   0x08011e54   0x00000060   Code   RO        13037    i.wwd_thread_func   wwd_thread.o
    0x08011eb4   0x08011eb4   0x00000048   Code   RO        13038    i.wwd_thread_init   wwd_thread.o
    0x08011efc   0x08011efc   0x00000018   Code   RO        13039    i.wwd_thread_notify  wwd_thread.o
    0x08011f14   0x08011f14   0x0000001c   Code   RO        13040    i.wwd_thread_notify_irq  wwd_thread.o
    0x08011f30   0x08011f30   0x0000001a   Code   RO        13043    i.wwd_thread_receive_one_packet  wwd_thread.o
    0x08011f4a   0x08011f4a   0x00000034   Code   RO        13044    i.wwd_thread_send_one_packet  wwd_thread.o
    0x08011f7e   0x08011f7e   0x00000056   Code   RO        11876    i.wwd_wait_for_wlan_event  wwd_bus_protocol.o
    0x08011fd4   0x08011fd4   0x00000070   Code   RO        13209    i.wwd_wifi_active_join_deinit  wwd_wifi.o
    0x08012044   0x08012044   0x0000006c   Code   RO        13210    i.wwd_wifi_active_join_init  wwd_wifi.o
    0x080120b0   0x080120b0   0x000000d0   Code   RO        13214    i.wwd_wifi_check_join_status  wwd_wifi.o
    0x08012180   0x08012180   0x00000054   Code   RO        14632    i.wwd_wifi_ds1_finish_wake  wwd_wifi_sleep.o
    0x080121d4   0x080121d4   0x0000003c   Code   RO        14636    i.wwd_wifi_ds1_wake_handle  wwd_wifi_sleep.o
    0x08012210   0x08012210   0x0000000c   Code   RO        12433    i.wwd_wifi_get_ap_is_up  wwd_ap_common.o
    0x0801221c   0x0801221c   0x00000068   Code   RO        13260    i.wwd_wifi_get_mac_address  wwd_wifi.o
    0x08012284   0x08012284   0x00000018   Code   RO        12866    i.wwd_wifi_get_source_interface  wwd_sdpcm.o
    0x0801229c   0x0801229c   0x00000018   Code   RO        13288    i.wwd_wifi_is_mesh_enabled  wwd_wifi.o
    0x080122b4   0x080122b4   0x0000003e   Code   RO        13290    i.wwd_wifi_is_ready_to_transceive  wwd_wifi.o
    0x080122f2   0x080122f2   0x00000002   PAD
    0x080122f4   0x080122f4   0x00000138   Code   RO        13291    i.wwd_wifi_join     wwd_wifi.o
    0x0801242c   0x0801242c   0x00000060   Code   RO        13294    i.wwd_wifi_leave    wwd_wifi.o
    0x0801248c   0x0801248c   0x00000010   Code   RO        13295    i.wwd_wifi_link_update  wwd_wifi.o
    0x0801249c   0x0801249c   0x0000000c   Code   RO        13297    i.wwd_wifi_monitor_mode_is_enabled  wwd_wifi.o
    0x080124a8   0x080124a8   0x0000000c   Code   RO        13301    i.wwd_wifi_p2p_is_go_up  wwd_wifi.o
    0x080124b4   0x080124b4   0x000003f0   Code   RO        13308    i.wwd_wifi_prepare_join  wwd_wifi.o
    0x080128a4   0x080128a4   0x00000006   Code   RO        13321    i.wwd_wifi_register_multicast_address  wwd_wifi.o
    0x080128aa   0x080128aa   0x00000002   PAD
    0x080128ac   0x080128ac   0x000000d8   Code   RO        13322    i.wwd_wifi_register_multicast_address_for_interface  wwd_wifi.o
    0x08012984   0x08012984   0x0000000c   Code   RO        12261    i.wwd_wifi_set_ampdu_parameters  wwd_ap.o
    0x08012990   0x08012990   0x00000064   Code   RO        12434    i.wwd_wifi_set_ampdu_parameters_common  wwd_ap_common.o
    0x080129f4   0x080129f4   0x00000008   Code   RO        12262    i.wwd_wifi_set_block_ack_window_size  wwd_ap.o
    0x080129fc   0x080129fc   0x00000038   Code   RO        12436    i.wwd_wifi_set_block_ack_window_size_common  wwd_ap_common.o
    0x08012a34   0x08012a34   0x0000002a   Code   RO        13339    i.wwd_wifi_set_ioctl_value  wwd_wifi.o
    0x08012a5e   0x08012a5e   0x00000026   Code   RO        13340    i.wwd_wifi_set_ioctl_void  wwd_wifi.o
    0x08012a84   0x08012a84   0x00000028   Code   RO        13343    i.wwd_wifi_set_iovar_value  wwd_wifi.o
    0x08012aac   0x08012aac   0x0000004c   Code   RO        13352    i.wwd_wifi_set_passphrase  wwd_wifi.o
    0x08012af8   0x08012af8   0x00000048   Code   RO        13362    i.wwd_wifi_set_supplicant_eapol_key_timeout  wwd_wifi.o
    0x08012b40   0x08012b40   0x0000004c   Code   RO        13364    i.wwd_wifi_set_up   wwd_wifi.o
    0x08012b8c   0x08012b8c   0x00000006   Code   RO        13369    i.wwd_wifi_unregister_multicast_address  wwd_wifi.o
    0x08012b92   0x08012b92   0x00000002   PAD
    0x08012b94   0x08012b94   0x000000ec   Code   RO        13370    i.wwd_wifi_unregister_multicast_address_for_interface  wwd_wifi.o
    0x08012c80   0x08012c80   0x00000006   Code   RO        14585    i.wwd_wlan_bus_complete_ds_wake  wwd_wifi_chip_common.o
    0x08012c86   0x08012c86   0x00000002   PAD
    0x08012c88   0x08012c88   0x000000b8   Code   RO         8053    i.xPortStartScheduler  port.o
    0x08012d40   0x08012d40   0x00000030   Code   RO         8054    i.xPortSysTickHandler  port.o
    0x08012d70   0x08012d70   0x00000088   Code   RO         7479    i.xQueueCreateCountingSemaphore  queue.o
    0x08012df8   0x08012df8   0x00000090   Code   RO         7481    i.xQueueGenericCreate  queue.o
    0x08012e88   0x08012e88   0x000001ac   Code   RO         7482    i.xQueueGenericReceive  queue.o
    0x08013034   0x08013034   0x000000d8   Code   RO         7483    i.xQueueGenericReset  queue.o
    0x0801310c   0x0801310c   0x000001bc   Code   RO         7484    i.xQueueGenericSend  queue.o
    0x080132c8   0x080132c8   0x00000104   Code   RO         7486    i.xQueueGiveFromISR  queue.o
    0x080133cc   0x080133cc   0x000000bc   Code   RO         7692    i.xTaskCheckForTimeOut  tasks.o
    0x08013488   0x08013488   0x00000060   Code   RO         7693    i.xTaskCreate       tasks.o
    0x080134e8   0x080134e8   0x0000001c   Code   RO         7696    i.xTaskGetSchedulerState  tasks.o
    0x08013504   0x08013504   0x0000000c   Code   RO         7697    i.xTaskGetTickCount  tasks.o
    0x08013510   0x08013510   0x00000118   Code   RO         7699    i.xTaskIncrementTick  tasks.o
    0x08013628   0x08013628   0x000000c8   Code   RO         7703    i.xTaskRemoveFromEventList  tasks.o
    0x080136f0   0x080136f0   0x00000118   Code   RO         7705    i.xTaskResumeAll    tasks.o
    0x08013808   0x08013808   0x00000010   Data   RO           15    .constdata          system_stm32h7xx.o
    0x08013818   0x08013818   0x00000021   Data   RO         7108    .constdata          wifi_base_config.o
    0x08013839   0x08013839   0x00000003   PAD
    0x0801383c   0x0801383c   0x00000044   Data   RO         8740    .constdata          err.o
    0x08013880   0x08013880   0x0000000c   Data   RO         9794    .constdata          memp.o
    0x0801388c   0x0801388c   0x0000000c   Data   RO         9795    .constdata          memp.o
    0x08013898   0x08013898   0x0000000c   Data   RO         9796    .constdata          memp.o
    0x080138a4   0x080138a4   0x0000000c   Data   RO         9797    .constdata          memp.o
    0x080138b0   0x080138b0   0x0000000c   Data   RO         9798    .constdata          memp.o
    0x080138bc   0x080138bc   0x0000000c   Data   RO         9799    .constdata          memp.o
    0x080138c8   0x080138c8   0x0000000c   Data   RO         9800    .constdata          memp.o
    0x080138d4   0x080138d4   0x0000000c   Data   RO         9801    .constdata          memp.o
    0x080138e0   0x080138e0   0x0000000c   Data   RO         9802    .constdata          memp.o
    0x080138ec   0x080138ec   0x0000000c   Data   RO         9803    .constdata          memp.o
    0x080138f8   0x080138f8   0x0000000c   Data   RO         9804    .constdata          memp.o
    0x08013904   0x08013904   0x0000000c   Data   RO         9805    .constdata          memp.o
    0x08013910   0x08013910   0x0000000c   Data   RO         9806    .constdata          memp.o
    0x0801391c   0x0801391c   0x0000000c   Data   RO         9807    .constdata          memp.o
    0x08013928   0x08013928   0x0000000c   Data   RO         9808    .constdata          memp.o
    0x08013934   0x08013934   0x0000000c   Data   RO         9809    .constdata          memp.o
    0x08013940   0x08013940   0x0000000c   Data   RO         9810    .constdata          memp.o
    0x0801394c   0x0801394c   0x00000044   Data   RO         9811    .constdata          memp.o
    0x08013990   0x08013990   0x00000054   Data   RO        10421    .constdata          tcp.o
    0x080139e4   0x080139e4   0x00000038   Data   RO        10865    .constdata          timeouts.o
    0x08013a1c   0x08013a1c   0x00000004   Data   RO        11625    .constdata          ip4_addr.o
    0x08013a20   0x08013a20   0x00000004   Data   RO        11626    .constdata          ip4_addr.o
    0x08013a24   0x08013a24   0x00000006   Data   RO        11803    .constdata          ethernet.o
    0x08013a2a   0x08013a2a   0x00000006   Data   RO        11804    .constdata          ethernet.o
    0x08013a30   0x08013a30   0x0000000c   Data   RO        12552    .constdata          wwd_internal.o
    0x08013a3c   0x08013a3c   0x00000040   Data   RO        12869    .constdata          wwd_sdpcm.o
    0x08013a7c   0x08013a7c   0x000002ea   Data   RO        13375    .constdata          wwd_wifi.o
    0x08013d66   0x08013d66   0x000003c5   Data   RO        14917    .constdata          wwd_resources.o
    0x0801412b   0x0801412b   0x00000001   PAD
    0x0801412c   0x0801412c   0x00000006   Data   RO        15412    .constdata          wwd_network.o
    0x08014132   0x08014132   0x00000002   PAD
    0x08014134   0x08014134   0x00000010   Data   RO        15707    .constdata          43362a2_bin.o
    0x08014144   0x08014144   0x00000008   Data   RO        15739    .constdata          wwd_sdio.o
    0x0801414c   0x0801414c   0x0000002c   Data   RO        15997    .constdata          platform_gpio.o
    0x08014178   0x08014178   0x00000038   Data   RO        16143    .constdata          platform.o
    0x080141b0   0x080141b0   0x00000050   Data   RO         7991    .conststring        heap_4.o
    0x08014200   0x08014200   0x0000005d   Data   RO         8055    .conststring        port.o
    0x0801425d   0x0801425d   0x00000003   PAD
    0x08014260   0x08014260   0x00000075   Data   RO        10422    .conststring        tcp.o
    0x080142d5   0x080142d5   0x00000003   PAD
    0x080142d8   0x080142d8   0x00000020   Data   RO        16728    Region$$Table       anon$$obj.o


    Execution Region RW_IRAM1 (Exec base: 0x20000000, Load base: 0x080142f8, Size: 0x00000000, Max: 0x00020000, ABSOLUTE)

    **** No section assigned to this execution region ****


    Execution Region RW_IRAM2 (Exec base: 0x24000000, Load base: 0x080142f8, Size: 0x00026010, Max: 0x00080000, ABSOLUTE, COMPRESSED[0x00000054])

    Exec Addr    Load Addr    Size         Type   Attr      Idx    E Section Name        Object

    0x24000000   COMPRESSED   0x00000008   Data   RW           16    .data               system_stm32h7xx.o
    0x24000008   COMPRESSED   0x0000000c   Data   RW          230    .data               stm32h7xx_hal.o
    0x24000014   COMPRESSED   0x00000004   Data   RW         6512    .data               main.o
    0x24000018   COMPRESSED   0x00000004   Data   RW         6993    .data               bsp_debug_usart.o
    0x2400001c   COMPRESSED   0x0000000c   Data   RW         7109    .data               wifi_base_config.o
    0x24000028   COMPRESSED   0x00000040   Data   RW         7708    .data               tasks.o
    0x24000068   COMPRESSED   0x00000018   Data   RW         7992    .data               heap_4.o
    0x24000080   COMPRESSED   0x0000000c   Data   RW         8056    .data               port.o
    0x2400008c   COMPRESSED   0x00000001   Data   RW         8539    .data               api_msg.o
    0x2400008d   COMPRESSED   0x00000003   PAD
    0x24000090   COMPRESSED   0x0000000c   Data   RW         9022    .data               sockets.o
    0x2400009c   COMPRESSED   0x00000010   Data   RW         9256    .data               tcpip.o
    0x240000ac   COMPRESSED   0x0000000c   Data   RW         9445    .data               dns.o
    0x240000b8   COMPRESSED   0x00000004   Data   RW         9812    .data               memp.o
    0x240000bc   COMPRESSED   0x00000004   Data   RW         9813    .data               memp.o
    0x240000c0   COMPRESSED   0x00000004   Data   RW         9814    .data               memp.o
    0x240000c4   COMPRESSED   0x00000004   Data   RW         9815    .data               memp.o
    0x240000c8   COMPRESSED   0x00000004   Data   RW         9816    .data               memp.o
    0x240000cc   COMPRESSED   0x00000004   Data   RW         9817    .data               memp.o
    0x240000d0   COMPRESSED   0x00000004   Data   RW         9818    .data               memp.o
    0x240000d4   COMPRESSED   0x00000004   Data   RW         9819    .data               memp.o
    0x240000d8   COMPRESSED   0x00000004   Data   RW         9820    .data               memp.o
    0x240000dc   COMPRESSED   0x00000004   Data   RW         9821    .data               memp.o
    0x240000e0   COMPRESSED   0x00000004   Data   RW         9822    .data               memp.o
    0x240000e4   COMPRESSED   0x00000004   Data   RW         9823    .data               memp.o
    0x240000e8   COMPRESSED   0x00000004   Data   RW         9824    .data               memp.o
    0x240000ec   COMPRESSED   0x00000004   Data   RW         9825    .data               memp.o
    0x240000f0   COMPRESSED   0x00000004   Data   RW         9826    .data               memp.o
    0x240000f4   COMPRESSED   0x00000004   Data   RW         9827    .data               memp.o
    0x240000f8   COMPRESSED   0x00000004   Data   RW         9828    .data               memp.o
    0x240000fc   COMPRESSED   0x0000000c   Data   RW         9953    .data               netif.o
    0x24000108   COMPRESSED   0x00000001   Data   RW        10106    .data               pbuf.o
    0x24000109   COMPRESSED   0x00000003   PAD
    0x2400010c   COMPRESSED   0x00000004   Data   RW        10277    .data               raw.o
    0x24000110   COMPRESSED   0x00000020   Data   RW        10423    .data               tcp.o
    0x24000130   COMPRESSED   0x00000024   Data   RW        10694    .data               tcp_in.o
    0x24000154   COMPRESSED   0x0000000c   Data   RW        10866    .data               timeouts.o
    0x24000160   COMPRESSED   0x00000008   Data   RW        10972    .data               udp.o
    0x24000168   COMPRESSED   0x00000010   Data   RW        11127    .data               dhcp.o
    0x24000178   COMPRESSED   0x00000001   Data   RW        11312    .data               etharp.o
    0x24000179   COMPRESSED   0x00000003   PAD
    0x2400017c   COMPRESSED   0x00000008   Data   RW        11443    .data               igmp.o
    0x24000184   COMPRESSED   0x00000008   Data   RW        11570    .data               ip4.o
    0x2400018c   COMPRESSED   0x00000008   Data   RW        11680    .data               ip4_frag.o
    0x24000194   COMPRESSED   0x00000001   Data   RW        11877    .data               wwd_bus_protocol.o
    0x24000195   COMPRESSED   0x00000003   PAD
    0x24000198   COMPRESSED   0x00000014   Data   RW        12124    .data               wwd_bus_common.o
    0x240001ac   COMPRESSED   0x00000001   Data   RW        12360    .data               wwd_chip_specific_functions.o
    0x240001ad   COMPRESSED   0x00000001   Data   RW        12437    .data               wwd_ap_common.o
    0x240001ae   COMPRESSED   0x00000002   PAD
    0x240001b0   COMPRESSED   0x0000001c   Data   RW        12553    .data               wwd_internal.o
    0x240001cc   COMPRESSED   0x00000048   Data   RW        12870    .data               wwd_sdpcm.o
    0x24000214   COMPRESSED   0x0000000c   Data   RW        13045    .data               wwd_thread.o
    0x24000220   COMPRESSED   0x00000032   Data   RW        13376    .data               wwd_wifi.o
    0x24000252   COMPRESSED   0x00000002   PAD
    0x24000254   COMPRESSED   0x0000000c   Data   RW        14644    .data               wwd_wifi_sleep.o
    0x24000260   COMPRESSED   0x00000008   Data   RW        15087    .data               wwd_buffer.o
    0x24000268   COMPRESSED   0x00000010   Data   RW        15413    .data               wwd_network.o
    0x24000278   COMPRESSED   0x00000014   Data   RW        15602    .data               wiced_crypto.o
    0x2400028c   COMPRESSED   0x0000001c   Data   RW        15740    .data               wwd_sdio.o
    0x240002a8   COMPRESSED   0x00000004   Data   RW        16696    .data               mc_w.l(mvars.o)
    0x240002ac   COMPRESSED   0x00000004   Data   RW        16697    .data               mc_w.l(mvars.o)
    0x240002b0        -       0x0000008c   Zero   RW         6992    .bss                bsp_debug_usart.o
    0x2400033c        -       0x00000048   Zero   RW         7107    .bss                wifi_base_config.o
    0x24000384        -       0x00000124   Zero   RW         7161    .bss                client.o
    0x240004a8        -       0x00000050   Zero   RW         7494    .bss                queue.o
    0x240004f8        -       0x000002e4   Zero   RW         7707    .bss                tasks.o
    0x240007dc        -       0x00010000   Zero   RW         7990    .bss                heap_4.o
    0x240107dc        -       0x00000240   Zero   RW         9021    .bss                sockets.o
    0x24010a1c        -       0x00000480   Zero   RW         9443    .bss                dns.o
    0x24010e9c        -       0x00000018   Zero   RW         9698    .bss                ip.o
    0x24010eb4        -       0x00000073   Zero   RW         9777    .bss                memp.o
    0x24010f27   COMPRESSED   0x00000001   PAD
    0x24010f28        -       0x00000193   Zero   RW         9778    .bss                memp.o
    0x240110bb   COMPRESSED   0x00000001   PAD
    0x240110bc        -       0x00000323   Zero   RW         9779    .bss                memp.o
    0x240113df   COMPRESSED   0x00000001   PAD
    0x240113e0        -       0x00000103   Zero   RW         9780    .bss                memp.o
    0x240114e3   COMPRESSED   0x00000001   PAD
    0x240114e4        -       0x00000193   Zero   RW         9781    .bss                memp.o
    0x24011677   COMPRESSED   0x00000001   PAD
    0x24011678        -       0x000000e3   Zero   RW         9782    .bss                memp.o
    0x2401175b   COMPRESSED   0x00000001   PAD
    0x2401175c        -       0x00000113   Zero   RW         9783    .bss                memp.o
    0x2401186f   COMPRESSED   0x00000001   PAD
    0x24011870        -       0x00000363   Zero   RW         9784    .bss                memp.o
    0x24011bd3   COMPRESSED   0x00000001   PAD
    0x24011bd4        -       0x00000083   Zero   RW         9785    .bss                memp.o
    0x24011c57   COMPRESSED   0x00000001   PAD
    0x24011c58        -       0x00000083   Zero   RW         9786    .bss                memp.o
    0x24011cdb   COMPRESSED   0x00000001   PAD
    0x24011cdc        -       0x0000002b   Zero   RW         9787    .bss                memp.o
    0x24011d07   COMPRESSED   0x00000001   PAD
    0x24011d08        -       0x00000083   Zero   RW         9788    .bss                memp.o
    0x24011d8b   COMPRESSED   0x00000001   PAD
    0x24011d8c        -       0x00000073   Zero   RW         9789    .bss                memp.o
    0x24011dff   COMPRESSED   0x00000001   PAD
    0x24011e00        -       0x00000137   Zero   RW         9790    .bss                memp.o
    0x24011f37   COMPRESSED   0x00000001   PAD
    0x24011f38        -       0x00000103   Zero   RW         9791    .bss                memp.o
    0x2401203b   COMPRESSED   0x00000001   PAD
    0x2401203c        -       0x00003dbb   Zero   RW         9792    .bss                memp.o
    0x24015df7   COMPRESSED   0x00000001   PAD
    0x24015df8        -       0x00002b37   Zero   RW         9793    .bss                memp.o
    0x2401892f   COMPRESSED   0x00000001   PAD
    0x24018930        -       0x00000010   Zero   RW        10693    .bss                tcp_in.o
    0x24018940        -       0x00000032   Zero   RW        11126    .bss                dhcp.o
    0x24018972   COMPRESSED   0x00000002   PAD
    0x24018974        -       0x000000f0   Zero   RW        11311    .bss                etharp.o
    0x24018a64        -       0x00000010   Zero   RW        11624    .bss                ip4_addr.o
    0x24018a74        -       0x0000003c   Zero   RW        12868    .bss                wwd_sdpcm.o
    0x24018ab0        -       0x00000010   Zero   RW        13374    .bss                wwd_wifi.o
    0x24018ac0        -       0x0000000c   Zero   RW        14641    .bss                wwd_wifi_sleep.o
    0x24018acc        -       0x00000040   Zero   RW        15601    .bss                wiced_crypto.o
    0x24018b0c        -       0x00000800   Zero   RW        15738    .bss                wwd_sdio.o
    0x2401930c        -       0x00000100   Zero   RW        16248    .bss                gpio.o
    0x2401940c   COMPRESSED   0x00000004   PAD
    0x24019410        -       0x0000c800   Zero   RW            2    HEAP                startup_stm32h743xx.o
    0x24025c10        -       0x00000400   Zero   RW            1    STACK               startup_stm32h743xx.o



  Load Region LR_IROM2 (Base: 0x08100000, Size: 0x000336c0, Max: 0x00100000, ABSOLUTE)

    Execution Region ER_IROM2 (Exec base: 0x08100000, Load base: 0x08100000, Size: 0x000336c0, Max: 0x00100000, ABSOLUTE)

    Exec Addr    Load Addr    Size         Type   Attr      Idx    E Section Name        Object

    0x08100000   0x08100000   0x000336c0   Data   RO        15706    .constdata          43362a2_bin.o


==============================================================================

Image component sizes


      Code (inc. data)   RO Data    RW Data    ZI Data      Debug   Object Name

         0          0     210640          0          0        747   43362a2_bin.o
       916         62          0          0          0      31332   api_lib.o
      3584         56          0          1          0      45615   api_msg.o
       112         78          0          0          0        563   appliance.o
       256         24          0          4        140       4162   bsp_debug_usart.o
      2238        274          0          0        292      19246   client.o
        64         18          0          0          0       1165   core_delay.o
        34          0          0          0          0       1298   def.o
      3836        126          0         16         50      30453   dhcp.o
       686         40          0         12       1152      15592   dns.o
        28          4         68          0          0       1531   err.o
      1610         60          0          1        240      14824   etharp.o
       240          6         12          0          0       3086   ethernet.o
         0          0          0          0          0       9784   event_groups.o
       352         26          0          0        256      39098   gpio.o
       508         64         80         24      65536       4983   heap_4.o
        12          6          0          0          0        632   host_cm7.o
       484          4          0          0          0       4478   icmp.o
      1178         76          0          8          0      20356   igmp.o
       328          0          0          0          0       6148   inet_chksum.o
        42          0          0          0          0       1992   init.o
         0          0          0          0         24       3234   ip.o
      1138         34          0          8          0       8620   ip4.o
       210          4          8          0         16      10246   ip4_addr.o
      1352         36          0          8          0      11402   ip4_frag.o
       136          0          0          0          0       4098   list.o
       104          0          0          0          0       1344   low_level_init.o
       600        248          0          4          0     203200   main.o
        12          0          0          0          0       2542   mem.o
       206         14        272         68      31339      14054   memp.o
       106          0          0          0          0      11281   netbuf.o
       410         16          0         12          0      12194   netif.o
         0          0          0          0          0       3107   netifapi.o
      1496         36          0          1          0      29629   pbuf.o
        54          0         56          0          0      42475   platform.o
       332         72         44          0          0       9998   platform_gpio.o
       420         18          0          0          0       4715   platform_init.o
        44          0          0          0          0       3160   platform_resource.o
       806        182         93         12          0      12925   port.o
      2438        748          0          0         80      17531   queue.o
       506         26          0          4          0       9102   raw.o
      2892         76          0         12        576      38271   sockets.o
        36          8        664          0      52224       1028   startup_stm32h743xx.o
        48          8          0         12          0      20890   stm32h7xx_hal.o
       350         30          0          0          0      41937   stm32h7xx_hal_cortex.o
       510         50          0          0          0       2788   stm32h7xx_hal_gpio.o
        80          6          0          0          0        877   stm32h7xx_hal_pwr_ex.o
      2592        120          0          0          0       8176   stm32h7xx_hal_rcc.o
      3892        140          0          0          0       9279   stm32h7xx_hal_rcc_ex.o
      6216        130          0          0          0      12180   stm32h7xx_hal_uart.o
        32          0          0          0          0       3775   stm32h7xx_it.o
        78          4          0          0          0       3291   stm32h7xx_ll_sdmmc.o
        36          0          0          0          0        757   sys.o
       544          0          0          0          0      94682   sys_arch.o
       152         22         16          8          0    1234793   system_stm32h7xx.o
      3076       1156          0         64        740      32468   tasks.o
      3148        104        201         32          0      43427   tcp.o
      4652        134          0         36         16      22851   tcp_in.o
      2988         10          0          0          0      19079   tcp_out.o
       556         64          0         16          0       9752   tcpip.o
       696         98         56         12          0      10702   timeouts.o
      1286         50          0          8          0      17184   udp.o
       356         38          0         20         64       6338   wiced_crypto.o
       528        326         33         12         72       3141   wifi_base_config.o
        20          0          0          0          0      20505   wwd_ap.o
       168         66          0          1          0       2915   wwd_ap_common.o
       268         14          0          8          0       8264   wwd_buffer.o
       626         32          0         20          0      12406   wwd_bus_common.o
      2858        132          0          1          0     138497   wwd_bus_protocol.o
       180         24          0          1          0       4188   wwd_chip_specific_functions.o
         2          0          0          0          0        569   wwd_debug.o
       360          4         12         28          0      10305   wwd_internal.o
       480        114          0          0          0       3449   wwd_management.o
       408         30          6         16          0      14343   wwd_network.o
         4          0          0          0          0        678   wwd_platform.o
        14          0          0          0          0      39421   wwd_platform_separate_mcu.o
        88         14        965          0          0      31955   wwd_resources.o
       258         10          0          0          0       9459   wwd_rtos.o
         0          0          0          0          0      34876   wwd_rtos_interface.o
      1138         74          8         28       2048      41762   wwd_sdio.o
      2678        158         64         72         60      27450   wwd_sdpcm.o
       298         28          0         12          0       5655   wwd_thread.o
      3428        544        746         50         16      57778   wwd_wifi.o
         6          0          0          0          0        856   wwd_wifi_chip_common.o
       168         20          0         12         12       4521   wwd_wifi_sleep.o

    ----------------------------------------------------------------------
     75184       6196     214088        680     154976    2779460   Object Totals
         0          0         32          0          0          0   (incl. Generated)
       112          0         12         16         23          0   (incl. Padding)

    ----------------------------------------------------------------------

      Code (inc. data)   RO Data    RW Data    ZI Data      Debug   Library Member Name

        86          0          0          0          0          0   __dczerorl2.o
         0          0          0          0          0          0   entry.o
         0          0          0          0          0          0   entry10a.o
         0          0          0          0          0          0   entry11a.o
         4          0          0          0          0          0   entry12b.o
         8          4          0          0          0          0   entry2.o
         4          0          0          0          0          0   entry5.o
         0          0          0          0          0          0   entry7b.o
         0          0          0          0          0          0   entry8b.o
         8          4          0          0          0          0   entry9a.o
        30          0          0          0          0          0   handlers.o
        36          8          0          0          0         68   init.o
         0          0          0          0          0          0   iusefp.o
        30          0          0          0          0         68   llshl.o
        36          0          0          0          0         68   llsshr.o
        32          0          0          0          0         68   llushr.o
       188         20          0          0          0        160   malloc.o
        26          0          0          0          0         80   memcmp.o
        64          0          0          0          0         76   memmovea.o
        36          0          0          0          0        108   memseta.o
         0          0          0          8          0          0   mvars.o
      2218         90          0          0          0        464   printfa.o
        14          0          0          0          0         68   strlen.o
        44          0          0          0          0         80   uidiv.o
        98          0          0          0          0         92   uldiv.o
        48          0          0          0          0         68   cdrcmple.o
       334          0          0          0          0        148   dadd.o
       222          0          0          0          0        100   ddiv.o
       186          0          0          0          0        176   depilogue.o
        48          0          0          0          0         68   dfixul.o
       228          0          0          0          0         96   dmul.o

    ----------------------------------------------------------------------
      4032        126          0          8          0       2056   Library Totals
         4          0          0          0          0          0   (incl. Padding)

    ----------------------------------------------------------------------

      Code (inc. data)   RO Data    RW Data    ZI Data      Debug   Library Name

      2962        126          0          8          0       1400   mc_w.l
      1066          0          0          0          0        656   mf_w.l

    ----------------------------------------------------------------------
      4032        126          0          8          0       2056   Library Totals

    ----------------------------------------------------------------------

==============================================================================


      Code (inc. data)   RO Data    RW Data    ZI Data      Debug   

     79216       6322     214088        688     154976    2716860   Grand Totals
     79216       6322     214088         84     154976    2716860   ELF Image Totals (compressed)
     79216       6322     214088         84          0          0   ROM Totals

==============================================================================

    Total RO  Size (Code + RO Data)               293304 ( 286.43kB)
    Total RW  Size (RW Data + ZI Data)            155664 ( 152.02kB)
    Total ROM Size (Code + RO Data + RW Data)     293388 ( 286.51kB)

==============================================================================

